Archive member included because of file (symbol)

D:\_Embedded\_mbed\mbed_timer\mbed\TARGET_LPC1768\TOOLCHAIN_GCC_CR\libmbed.a(serial_api.o)
                              D:/_Embedded/_mbed/mbed_timer/mbed/TARGET_LPC1768/TOOLCHAIN_GCC_CR/retarget.o (serial_getc)
D:\_Embedded\_mbed\mbed_timer\mbed\TARGET_LPC1768\TOOLCHAIN_GCC_CR\libmbed.a(FilePath.o)
                              D:/_Embedded/_mbed/mbed_timer/mbed/TARGET_LPC1768/TOOLCHAIN_GCC_CR/retarget.o (mbed::FilePath::FilePath(char const*))
D:\_Embedded\_mbed\mbed_timer\mbed\TARGET_LPC1768\TOOLCHAIN_GCC_CR\libmbed.a(FileSystemLike.o)
                              D:/_Embedded/_mbed/mbed_timer/mbed/TARGET_LPC1768/TOOLCHAIN_GCC_CR/retarget.o (mbed::FileSystemLike::opendir())
D:\_Embedded\_mbed\mbed_timer\mbed\TARGET_LPC1768\TOOLCHAIN_GCC_CR\libmbed.a(Serial.o)
                              ./main.o (mbed::Serial::Serial(PinName, PinName, char const*))
D:\_Embedded\_mbed\mbed_timer\mbed\TARGET_LPC1768\TOOLCHAIN_GCC_CR\libmbed.a(SerialBase.o)
                              D:\_Embedded\_mbed\mbed_timer\mbed\TARGET_LPC1768\TOOLCHAIN_GCC_CR\libmbed.a(Serial.o) (mbed::SerialBase::SerialBase(PinName, PinName))
D:\_Embedded\_mbed\mbed_timer\mbed\TARGET_LPC1768\TOOLCHAIN_GCC_CR\libmbed.a(Stream.o)
                              D:\_Embedded\_mbed\mbed_timer\mbed\TARGET_LPC1768\TOOLCHAIN_GCC_CR\libmbed.a(Serial.o) (mbed::Stream::close())
D:\_Embedded\_mbed\mbed_timer\mbed\TARGET_LPC1768\TOOLCHAIN_GCC_CR\libmbed.a(assert.o)
                              ./main.o (mbed_assert_internal)
D:\_Embedded\_mbed\mbed_timer\mbed\TARGET_LPC1768\TOOLCHAIN_GCC_CR\libmbed.a(Timer.o)
                              ./main.o (mbed::Timer::Timer())
D:\_Embedded\_mbed\mbed_timer\mbed\TARGET_LPC1768\TOOLCHAIN_GCC_CR\libmbed.a(error.o)
                              D:/_Embedded/_mbed/mbed_timer/mbed/TARGET_LPC1768/TOOLCHAIN_GCC_CR/retarget.o (error)
D:\_Embedded\_mbed\mbed_timer\mbed\TARGET_LPC1768\TOOLCHAIN_GCC_CR\libmbed.a(gpio.o)
                              ./main.o (gpio_init_in)
D:\_Embedded\_mbed\mbed_timer\mbed\TARGET_LPC1768\TOOLCHAIN_GCC_CR\libmbed.a(mbed_interface.o)
                              D:/_Embedded/_mbed/mbed_timer/mbed/TARGET_LPC1768/TOOLCHAIN_GCC_CR/retarget.o (mbed_interface_connected)
D:\_Embedded\_mbed\mbed_timer\mbed\TARGET_LPC1768\TOOLCHAIN_GCC_CR\libmbed.a(pinmap_common.o)
                              D:\_Embedded\_mbed\mbed_timer\mbed\TARGET_LPC1768\TOOLCHAIN_GCC_CR\libmbed.a(serial_api.o) (pinmap_pinout)
D:\_Embedded\_mbed\mbed_timer\mbed\TARGET_LPC1768\TOOLCHAIN_GCC_CR\libmbed.a(semihost_api.o)
                              D:/_Embedded/_mbed/mbed_timer/mbed/TARGET_LPC1768/TOOLCHAIN_GCC_CR/retarget.o (semihost_exit)
D:\_Embedded\_mbed\mbed_timer\mbed\TARGET_LPC1768\TOOLCHAIN_GCC_CR\libmbed.a(ticker_api.o)
                              D:\_Embedded\_mbed\mbed_timer\mbed\TARGET_LPC1768\TOOLCHAIN_GCC_CR\libmbed.a(Timer.o) (ticker_read)
D:\_Embedded\_mbed\mbed_timer\mbed\TARGET_LPC1768\TOOLCHAIN_GCC_CR\libmbed.a(us_ticker_api.o)
                              D:\_Embedded\_mbed\mbed_timer\mbed\TARGET_LPC1768\TOOLCHAIN_GCC_CR\libmbed.a(Timer.o) (get_us_ticker_data)
D:\_Embedded\_mbed\mbed_timer\mbed\TARGET_LPC1768\TOOLCHAIN_GCC_CR\libmbed.a(wait_api.o)
                              D:\_Embedded\_mbed\mbed_timer\mbed\TARGET_LPC1768\TOOLCHAIN_GCC_CR\libmbed.a(SerialBase.o) (wait_us)
D:\_Embedded\_mbed\mbed_timer\mbed\TARGET_LPC1768\TOOLCHAIN_GCC_CR\libmbed.a(gpio_api.o)
                              D:\_Embedded\_mbed\mbed_timer\mbed\TARGET_LPC1768\TOOLCHAIN_GCC_CR\libmbed.a(gpio.o) (gpio_init)
D:\_Embedded\_mbed\mbed_timer\mbed\TARGET_LPC1768\TOOLCHAIN_GCC_CR\libmbed.a(pinmap.o)
                              D:\_Embedded\_mbed\mbed_timer\mbed\TARGET_LPC1768\TOOLCHAIN_GCC_CR\libmbed.a(pinmap_common.o) (pin_function)
D:\_Embedded\_mbed\mbed_timer\mbed\TARGET_LPC1768\TOOLCHAIN_GCC_CR\libmbed.a(us_ticker.o)
                              D:\_Embedded\_mbed\mbed_timer\mbed\TARGET_LPC1768\TOOLCHAIN_GCC_CR\libmbed.a(us_ticker_api.o) (us_ticker_init)
D:\_Embedded\_mbed\mbed_timer\mbed\TARGET_LPC1768\TOOLCHAIN_GCC_CR\libmbed.a(FileBase.o)
                              D:\_Embedded\_mbed\mbed_timer\mbed\TARGET_LPC1768\TOOLCHAIN_GCC_CR\libmbed.a(FileSystemLike.o) (mbed::FileBase::~FileBase())
D:\_Embedded\_mbed\mbed_timer\mbed\TARGET_LPC1768\TOOLCHAIN_GCC_CR\libmbed.a(FileLike.o)
                              D:\_Embedded\_mbed\mbed_timer\mbed\TARGET_LPC1768\TOOLCHAIN_GCC_CR\libmbed.a(Stream.o) (mbed::FileLike::FileLike(char const*))
c:/nxp/lpcxpresso_8.0.0_526/lpcxpresso/tools/bin/../lib/gcc/arm-none-eabi/4.9.3/armv7-m\libgcc.a(_arm_addsubsf3.o)
                              D:\_Embedded\_mbed\mbed_timer\mbed\TARGET_LPC1768\TOOLCHAIN_GCC_CR\libmbed.a(Timer.o) (__aeabi_i2f)
c:/nxp/lpcxpresso_8.0.0_526/lpcxpresso/tools/bin/../lib/gcc/arm-none-eabi/4.9.3/armv7-m\libgcc.a(_arm_muldivsf3.o)
[...]
Memory Configuration

Name             Origin             Length             Attributes
MFlash512        0x00000000         0x00080000         xr
RamLoc32         0x100000c8         0x00007f38         xrw
RamAHB_USB       0x2007c000         0x00004000         xrw
RamAHB_Eth       0x20080000         0x00004000         xrw
*default*        0x00000000         0xffffffff

Linker script and memory map

LOAD ./main.o
LOAD D:/_Embedded/_mbed/mbed_timer/mbed/TARGET_LPC1768/TOOLCHAIN_GCC_CR/board.o
LOAD D:/_Embedded/_mbed/mbed_timer/mbed/TARGET_LPC1768/TOOLCHAIN_GCC_CR/cmsis_nvic.o
LOAD D:/_Embedded/_mbed/mbed_timer/mbed/TARGET_LPC1768/TOOLCHAIN_GCC_CR/retarget.o
LOAD D:/_Embedded/_mbed/mbed_timer/mbed/TARGET_LPC1768/TOOLCHAIN_GCC_CR/startup_LPC17xx.o
LOAD D:/_Embedded/_mbed/mbed_timer/mbed/TARGET_LPC1768/TOOLCHAIN_GCC_CR/system_LPC17xx.o
LOAD D:\_Embedded\_mbed\mbed_timer\mbed\TARGET_LPC1768\TOOLCHAIN_GCC_CR\libmbed.a
START GROUP
LOAD c:/nxp/lpcxpresso_8.0.0_526/lpcxpresso/tools/bin/../lib/gcc/arm-none-eabi/4.9.3/armv7-m\libgcc.a
LOAD c:/nxp/lpcxpresso_8.0.0_526/lpcxpresso/tools/bin/../lib/gcc/arm-none-eabi/4.9.3/../../../../arm-none-eabi/lib/armv7-m\libc.a
LOAD c:/nxp/lpcxpresso_8.0.0_526/lpcxpresso/tools/bin/../lib/gcc/arm-none-eabi/4.9.3/../../../../arm-none-eabi/lib/armv7-m\libstdc++.a
LOAD c:/nxp/lpcxpresso_8.0.0_526/lpcxpresso/tools/bin/../lib/gcc/arm-none-eabi/4.9.3/../../../../arm-none-eabi/lib/armv7-m\libm.a
LOAD c:/nxp/lpcxpresso_8.0.0_526/lpcxpresso/tools/bin/../lib/gcc/arm-none-eabi/4.9.3/../../../../arm-none-eabi/lib/armv7-m\libcr_newlib_nohost.a
LOAD c:/nxp/lpcxpresso_8.0.0_526/lpcxpresso/tools/bin/../lib/gcc/arm-none-eabi/4.9.3/armv7-m\crti.o
LOAD c:/nxp/lpcxpresso_8.0.0_526/lpcxpresso/tools/bin/../lib/gcc/arm-none-eabi/4.9.3/armv7-m\crtn.o
LOAD c:/nxp/lpcxpresso_8.0.0_526/lpcxpresso/tools/bin/../lib/gcc/arm-none-eabi/4.9.3/armv7-m\crtbegin.o
LOAD c:/nxp/lpcxpresso_8.0.0_526/lpcxpresso/tools/bin/../lib/gcc/arm-none-eabi/4.9.3/armv7-m\crtend.o
END GROUP
                0x00080000                __top_MFlash512 = 0x80000
                0x10008000                __top_RamLoc32 = 0x10008000
                0x20084000                __top_RamAHB32 = 0x20084000

.text           0x00000000     0xcd18
 FILL mask 0xff
 *(.isr_vector)
 .isr_vector    0x00000000       0xcc D:/_Embedded/_mbed/mbed_timer/mbed/TARGET_LPC1768/TOOLCHAIN_GCC_CR/startup_LPC17xx.o
                0x00000000                g_pfnVectors
                0x000000cc                . = ALIGN (0x4)
                0x000000cc                __section_table_start = .
                0x000000cc                __data_section_table = .
                0x000000cc        0x4 LONG 0xcd20 LOADADDR (.data)
                0x000000d0        0x4 LONG 0x100000c8 ADDR (.data)
                0x000000d4        0x4 LONG 0x8b0 SIZEOF (.data)
                0x000000d8        0x4 LONG 0xcd20 LOADADDR (.data_RAM2)
                0x000000dc        0x4 LONG 0x2007c000 ADDR (.data_RAM2)
                0x000000e0        0x4 LONG 0x0 SIZEOF (.data_RAM2)
                0x000000e4                __data_section_table_end = .
                0x000000e4                __bss_section_table = .
                0x000000e4        0x4 LONG 0x10000978 ADDR (.bss)
                0x000000e8        0x4 LONG 0x2d8 SIZEOF (.bss)
                0x000000ec        0x4 LONG 0x2007c000 ADDR (.bss_RAM2)
                0x000000f0        0x4 LONG 0x0 SIZEOF (.bss_RAM2)
                0x000000f4                __bss_section_table_end = .
                0x000000f4                __section_table_end = .
 *(.after_vectors*)
 .after_vectors
                0x000000f4       0xe4 D:/_Embedded/_mbed/mbed_timer/mbed/TARGET_LPC1768/TOOLCHAIN_GCC_CR/startup_LPC17xx.o
                0x000000f4                NMI_Handler
                0x000000f8                HardFault_Handler
                0x000000fc                MemManage_Handler
                0x00000100                BusFault_Handler
                0x00000104                UsageFault_Handler
                0x00000108                SVC_Handler
                0x0000010c                DebugMon_Handler
                0x00000110                PendSV_Handler
                0x00000114                SysTick_Handler
                0x00000118                PWM1_IRQHandler
                0x00000118                I2C1_IRQHandler
                0x00000118                EINT2_IRQHandler
                0x00000118                UART1_IRQHandler
                0x00000118                EINT3_IRQHandler
                0x00000118                CANActivity_IRQHandler
                0x00000118                TIMER3_IRQHandler
                0x00000118                UART0_IRQHandler
                0x00000118                MCPWM_IRQHandler
                0x00000118                I2C0_IRQHandler
                0x00000118                IntDefaultHandler
                0x00000118                RIT_IRQHandler
                0x00000118                CAN_IRQHandler
                0x00000118                PLL1_IRQHandler
                0x00000118                SSP0_IRQHandler
                0x00000118                I2S_IRQHandler
                0x00000118                I2C2_IRQHandler
                0x00000118                RTC_IRQHandler
                0x00000118                TIMER0_IRQHandler
                0x00000118                SPI_IRQHandler
                0x00000118                UART3_IRQHandler
                0x00000118                EINT1_IRQHandler
                0x00000118                TIMER1_IRQHandler
                0x00000118                UART2_IRQHandler
                0x00000118                ADC_IRQHandler
                0x00000118                SSP1_IRQHandler
                0x00000118                USB_IRQHandler
                0x00000118                BOD_IRQHandler
                0x00000118                USBActivity_IRQHandler
                0x00000118                WDT_IRQHandler
                0x00000118                PLL0_IRQHandler
                0x00000118                QEI_IRQHandler
                0x00000118                EINT0_IRQHandler
                0x00000118                TIMER2_IRQHandler
                0x00000118                DMA_IRQHandler
                0x00000118                ENET_IRQHandler
                0x0000011c                ResetISR
                0x000001a4                data_init
                0x000001c0                bss_init
 *(.text*)
 .text.gpio_read
                0x000001d8       0x44 ./main.o
 .text._ZN4mbed9DigitalInC2E7PinName
                0x0000021c       0x44 ./main.o
                0x0000021c                mbed::DigitalIn::DigitalIn(PinName)
                0x0000021c                mbed::DigitalIn::DigitalIn(PinName)
 .text._ZN4mbed9DigitalIn4readEv
                0x00000260       0x1c ./main.o
                0x00000260                mbed::DigitalIn::read()
 .text._ZN4mbed9DigitalIncviEv
                0x0000027c       0x18 ./main.o
                0x0000027c                mbed::DigitalIn::operator int()
 .text._ZN4mbed10SerialBaseD2Ev
                0x00000294       0x28 ./main.o
                0x00000294                mbed::SerialBase::~SerialBase()
                0x00000294                mbed::SerialBase::~SerialBase()
 .text._ZN4mbed10SerialBaseD0Ev
                0x000002bc       0x20 ./main.o
                0x000002bc                mbed::SerialBase::~SerialBase()
 .text.main     0x000002dc       0x78 ./main.o
                0x000002dc                main
 .text._ZN4mbed6SerialD2Ev
                0x00000354       0x50 ./main.o
                0x00000354                mbed::Serial::~Serial()
                0x00000354                mbed::Serial::~Serial()
 .text._ZN4mbed6SerialD1Ev
                0x000003a4       0x10 ./main.o
                0x000003a4                non-virtual thunk to mbed::Serial::~Serial()
                0x000003ac                non-virtual thunk to mbed::Serial::~Serial()
 .text._ZN4mbed6SerialD0Ev
                0x000003b4       0x30 ./main.o
                0x000003b4                mbed::Serial::~Serial()
                0x000003d4                non-virtual thunk to mbed::Serial::~Serial()
                0x000003dc                non-virtual thunk to mbed::Serial::~Serial()
 .text._Z41__static_initialization_and_destruction_0ii
                0x000003e4       0x64 ./main.o
 .text._GLOBAL__sub_I_pc
                0x00000448       0x10 ./main.o
 .text.mbed_die
                0x00000458      0x10c D:/_Embedded/_mbed/mbed_timer/mbed/TARGET_LPC1768/TOOLCHAIN_GCC_CR/board.o
                0x00000458                mbed_die
 .text.NVIC_SetVector
                0x00000564       0x3c D:/_Embedded/_mbed/mbed_timer/mbed/TARGET_LPC1768/TOOLCHAIN_GCC_CR/cmsis_nvic.o
                0x00000564                NVIC_SetVector
 .text._ZN4mbed10FileHandle4flenEv
                0x000005a0       0x34 D:/_Embedded/_mbed/mbed_timer/mbed/TARGET_LPC1768/TOOLCHAIN_GCC_CR/retarget.o
                0x000005a0                mbed::FileHandle::flen()
 .text._ZL11init_serialv.part.0
                0x000005d4       0x18 D:/_Embedded/_mbed/mbed_timer/mbed/TARGET_LPC1768/TOOLCHAIN_GCC_CR/retarget.o
 .text._ZN4mbed10FileHandleD2Ev
                0x000005ec       0x2c D:/_Embedded/_mbed/mbed_timer/mbed/TARGET_LPC1768/TOOLCHAIN_GCC_CR/retarget.o
                0x000005ec                mbed::FileHandle::~FileHandle()
                0x000005ec                mbed::FileHandle::~FileHandle()
 .text._open    0x00000618       0xfc D:/_Embedded/_mbed/mbed_timer/mbed/TARGET_LPC1768/TOOLCHAIN_GCC_CR/retarget.o
                0x00000618                _open
 .text._close   0x00000714       0x28 D:/_Embedded/_mbed/mbed_timer/mbed/TARGET_LPC1768/TOOLCHAIN_GCC_CR/retarget.o
                0x00000714                _close
 .text._write   0x0000073c       0x4c D:/_Embedded/_mbed/mbed_timer/mbed/TARGET_LPC1768/TOOLCHAIN_GCC_CR/retarget.o
                0x0000073c                _write
 .text._read    0x00000788       0x44 D:/_Embedded/_mbed/mbed_timer/mbed/TARGET_LPC1768/TOOLCHAIN_GCC_CR/retarget.o
                0x00000788                _read
 .text._isatty  0x000007cc       0x24 D:/_Embedded/_mbed/mbed_timer/mbed/TARGET_LPC1768/TOOLCHAIN_GCC_CR/retarget.o
                0x000007cc                _isatty
 .text._lseek   0x000007f0       0x24 D:/_Embedded/_mbed/mbed_timer/mbed/TARGET_LPC1768/TOOLCHAIN_GCC_CR/retarget.o
                0x000007f0                _lseek
 .text._fstat   0x00000814       0x20 D:/_Embedded/_mbed/mbed_timer/mbed/TARGET_LPC1768/TOOLCHAIN_GCC_CR/retarget.o
                0x00000814                _fstat
 .text.exit     0x00000834       0x30 D:/_Embedded/_mbed/mbed_timer/mbed/TARGET_LPC1768/TOOLCHAIN_GCC_CR/retarget.o
                0x00000834                exit
 .text.__cxa_pure_virtual
                0x00000864        0x8 D:/_Embedded/_mbed/mbed_timer/mbed/TARGET_LPC1768/TOOLCHAIN_GCC_CR/retarget.o
                0x00000864                __cxa_pure_virtual
 .text._ZN4mbed26mbed_set_unbuffered_streamEP7__sFILE
                0x0000086c        0x8 D:/_Embedded/_mbed/mbed_timer/mbed/TARGET_LPC1768/TOOLCHAIN_GCC_CR/retarget.o
                0x0000086c                mbed::mbed_set_unbuffered_stream(__sFILE*)
 .text.__aeabi_atexit
                0x00000874        0x4 D:/_Embedded/_mbed/mbed_timer/mbed/TARGET_LPC1768/TOOLCHAIN_GCC_CR/startup_LPC17xx.o
                0x00000874                __aeabi_atexit
 .text._ZdlPv   0x00000878        0x4 D:/_Embedded/_mbed/mbed_timer/mbed/TARGET_LPC1768/TOOLCHAIN_GCC_CR/startup_LPC17xx.o
                0x00000878                operator delete(void*)
 .text.SystemInit
                0x0000087c       0xb8 D:/_Embedded/_mbed/mbed_timer/mbed/TARGET_LPC1768/TOOLCHAIN_GCC_CR/system_LPC17xx.o
                0x0000087c                SystemInit
 .text.uart1_irq
                0x00000934       0x60 D:\_Embedded\_mbed\mbed_timer\mbed\TARGET_LPC1768\TOOLCHAIN_GCC_CR\libmbed.a(serial_api.o)
                0x00000934                uart1_irq
 .text.serial_irq_set_internal
                0x00000994       0xc8 D:\_Embedded\_mbed\mbed_timer\mbed\TARGET_LPC1768\TOOLCHAIN_GCC_CR\libmbed.a(serial_api.o)
 .text.uart3_irq
                0x00000a5c       0x6c D:\_Embedded\_mbed\mbed_timer\mbed\TARGET_LPC1768\TOOLCHAIN_GCC_CR\libmbed.a(serial_api.o)
                0x00000a5c                uart3_irq
 .text.uart2_irq
                0x00000ac8       0x64 D:\_Embedded\_mbed\mbed_timer\mbed\TARGET_LPC1768\TOOLCHAIN_GCC_CR\libmbed.a(serial_api.o)
                0x00000ac8                uart2_irq
 .text.uart0_irq
                0x00000b2c       0x60 D:\_Embedded\_mbed\mbed_timer\mbed\TARGET_LPC1768\TOOLCHAIN_GCC_CR\libmbed.a(serial_api.o)
                0x00000b2c                uart0_irq
 .text.serial_baud
                0x00000b8c      0x234 D:\_Embedded\_mbed\mbed_timer\mbed\TARGET_LPC1768\TOOLCHAIN_GCC_CR\libmbed.a(serial_api.o)
                0x00000b8c                serial_baud
 .text.serial_format
                0x00000dc0       0x78 D:\_Embedded\_mbed\mbed_timer\mbed\TARGET_LPC1768\TOOLCHAIN_GCC_CR\libmbed.a(serial_api.o)
                0x00000dc0                serial_format
 .text.serial_irq_handler
                0x00000e38       0x20 D:\_Embedded\_mbed\mbed_timer\mbed\TARGET_LPC1768\TOOLCHAIN_GCC_CR\libmbed.a(serial_api.o)
                0x00000e38                serial_irq_handler
 .text.serial_getc
                0x00000e58       0x34 D:\_Embedded\_mbed\mbed_timer\mbed\TARGET_LPC1768\TOOLCHAIN_GCC_CR\libmbed.a(serial_api.o)
                0x00000e58                serial_getc
 .text.serial_writable
                0x00000e8c       0x50 D:\_Embedded\_mbed\mbed_timer\mbed\TARGET_LPC1768\TOOLCHAIN_GCC_CR\libmbed.a(serial_api.o)
                0x00000e8c                serial_writable
 .text.serial_putc
                0x00000edc       0x34 D:\_Embedded\_mbed\mbed_timer\mbed\TARGET_LPC1768\TOOLCHAIN_GCC_CR\libmbed.a(serial_api.o)
                0x00000edc                serial_putc
 .text.serial_set_flow_control
                0x00000f10      0x130 D:\_Embedded\_mbed\mbed_timer\mbed\TARGET_LPC1768\TOOLCHAIN_GCC_CR\libmbed.a(serial_api.o)
                0x00000f10                serial_set_flow_control
 .text.serial_init
                0x00001040      0x1bc D:\_Embedded\_mbed\mbed_timer\mbed\TARGET_LPC1768\TOOLCHAIN_GCC_CR\libmbed.a(serial_api.o)
                0x00001040                serial_init
 .text._ZN4mbed8FilePathC2EPKc
                0x000011fc       0x54 D:\_Embedded\_mbed\mbed_timer\mbed\TARGET_LPC1768\TOOLCHAIN_GCC_CR\libmbed.a(FilePath.o)
                0x000011fc                mbed::FilePath::FilePath(char const*)
                0x000011fc                mbed::FilePath::FilePath(char const*)
 .text._ZN4mbed8FilePath8fileNameEv
                0x00001250        0x4 D:\_Embedded\_mbed\mbed_timer\mbed\TARGET_LPC1768\TOOLCHAIN_GCC_CR\libmbed.a(FilePath.o)
                0x00001250                mbed::FilePath::fileName()
 .text._ZN4mbed8FilePath10fileSystemEv
                0x00001254       0x20 D:\_Embedded\_mbed\mbed_timer\mbed\TARGET_LPC1768\TOOLCHAIN_GCC_CR\libmbed.a(FilePath.o)
                0x00001254                mbed::FilePath::fileSystem()
 .text._ZN4mbed8FilePath6isFileEv
                0x00001274       0x14 D:\_Embedded\_mbed\mbed_timer\mbed\TARGET_LPC1768\TOOLCHAIN_GCC_CR\libmbed.a(FilePath.o)
                0x00001274                mbed::FilePath::isFile()
 .text._ZN4mbed8FilePath4fileEv
                0x00001288       0x20 D:\_Embedded\_mbed\mbed_timer\mbed\TARGET_LPC1768\TOOLCHAIN_GCC_CR\libmbed.a(FilePath.o)
                0x00001288                mbed::FilePath::file()
 .text._ZN4mbed8FilePath6existsEv
                0x000012a8        0xc D:\_Embedded\_mbed\mbed_timer\mbed\TARGET_LPC1768\TOOLCHAIN_GCC_CR\libmbed.a(FilePath.o)
                0x000012a8                mbed::FilePath::exists()
 .text._ZN4mbed6Serial5_getcEv
                0x000012b4        0x4 D:\_Embedded\_mbed\mbed_timer\mbed\TARGET_LPC1768\TOOLCHAIN_GCC_CR\libmbed.a(Serial.o)
                0x000012b4                mbed::Serial::_getc()
 .text._ZThn64_N4mbed6Serial5_getcEv
                0x000012b8        0x8 D:\_Embedded\_mbed\mbed_timer\mbed\TARGET_LPC1768\TOOLCHAIN_GCC_CR\libmbed.a(Serial.o)
                0x000012b8                non-virtual thunk to mbed::Serial::_getc()
 .text._ZN4mbed6Serial5_putcEi
                0x000012c0        0x4 D:\_Embedded\_mbed\mbed_timer\mbed\TARGET_LPC1768\TOOLCHAIN_GCC_CR\libmbed.a(Serial.o)
                0x000012c0                mbed::Serial::_putc(int)
 .text._ZThn64_N4mbed6Serial5_putcEi
                0x000012c4        0x8 D:\_Embedded\_mbed\mbed_timer\mbed\TARGET_LPC1768\TOOLCHAIN_GCC_CR\libmbed.a(Serial.o)
                0x000012c4                non-virtual thunk to mbed::Serial::_putc(int)
 .text._ZN4mbed6SerialC2E7PinNameS1_PKc
                0x000012cc       0x30 D:\_Embedded\_mbed\mbed_timer\mbed\TARGET_LPC1768\TOOLCHAIN_GCC_CR\libmbed.a(Serial.o)
                0x000012cc                mbed::Serial::Serial(PinName, PinName, char const*)
                0x000012cc                mbed::Serial::Serial(PinName, PinName, char const*)
 .text._ZN4mbed10SerialBase12_irq_handlerEm9SerialIrq
                0x000012fc       0x34 D:\_Embedded\_mbed\mbed_timer\mbed\TARGET_LPC1768\TOOLCHAIN_GCC_CR\libmbed.a(SerialBase.o)
                0x000012fc                mbed::SerialBase::_irq_handler(unsigned long, SerialIrq)
 .text._ZN4mbed10SerialBaseC2E7PinNameS1_
                0x00001330       0x3c D:\_Embedded\_mbed\mbed_timer\mbed\TARGET_LPC1768\TOOLCHAIN_GCC_CR\libmbed.a(SerialBase.o)
                0x00001330                mbed::SerialBase::SerialBase(PinName, PinName)
                0x00001330                mbed::SerialBase::SerialBase(PinName, PinName)
 .text._ZN4mbed10SerialBase4baudEi
                0x0000136c       0x10 D:\_Embedded\_mbed\mbed_timer\mbed\TARGET_LPC1768\TOOLCHAIN_GCC_CR\libmbed.a(SerialBase.o)
                0x0000136c                mbed::SerialBase::baud(int)
 .text._ZN4mbed10SerialBase10_base_getcEv
                0x0000137c        0x8 D:\_Embedded\_mbed\mbed_timer\mbed\TARGET_LPC1768\TOOLCHAIN_GCC_CR\libmbed.a(SerialBase.o)
                0x0000137c                mbed::SerialBase::_base_getc()
 .text._ZN4mbed10SerialBase10_base_putcEi
                0x00001384       0x10 D:\_Embedded\_mbed\mbed_timer\mbed\TARGET_LPC1768\TOOLCHAIN_GCC_CR\libmbed.a(SerialBase.o)
                0x00001384                mbed::SerialBase::_base_putc(int)
 .text._ZN4mbed6Stream5closeEv
                0x00001394        0x4 D:\_Embedded\_mbed\mbed_timer\mbed\TARGET_LPC1768\TOOLCHAIN_GCC_CR\libmbed.a(Stream.o)
                0x00001394                mbed::Stream::close()
 .text._ZN4mbed6Stream5writeEPKvj
                0x00001398       0x2c D:\_Embedded\_mbed\mbed_timer\mbed\TARGET_LPC1768\TOOLCHAIN_GCC_CR\libmbed.a(Stream.o)
                0x00001398                mbed::Stream::write(void const*, unsigned int)
 .text._ZN4mbed6Stream4readEPvj
                0x000013c4       0x2c D:\_Embedded\_mbed\mbed_timer\mbed\TARGET_LPC1768\TOOLCHAIN_GCC_CR\libmbed.a(Stream.o)
                0x000013c4                mbed::Stream::read(void*, unsigned int)
 .text._ZN4mbed6Stream5lseekEli
                0x000013f0        0x4 D:\_Embedded\_mbed\mbed_timer\mbed\TARGET_LPC1768\TOOLCHAIN_GCC_CR\libmbed.a(Stream.o)
                0x000013f0                mbed::Stream::lseek(long, int)
 .text._ZN4mbed6Stream6isattyEv
                0x000013f4        0x4 D:\_Embedded\_mbed\mbed_timer\mbed\TARGET_LPC1768\TOOLCHAIN_GCC_CR\libmbed.a(Stream.o)
                0x000013f4                mbed::Stream::isatty()
 .text._ZN4mbed6Stream5fsyncEv
                0x000013f8        0x4 D:\_Embedded\_mbed\mbed_timer\mbed\TARGET_LPC1768\TOOLCHAIN_GCC_CR\libmbed.a(Stream.o)
                0x000013f8                mbed::Stream::fsync()
 .text._ZN4mbed6Stream4flenEv
                0x000013fc        0x4 D:\_Embedded\_mbed\mbed_timer\mbed\TARGET_LPC1768\TOOLCHAIN_GCC_CR\libmbed.a(Stream.o)
                0x000013fc                mbed::Stream::flen()
 .text._ZN4mbed6StreamC2EPKc
                0x00001400       0x44 D:\_Embedded\_mbed\mbed_timer\mbed\TARGET_LPC1768\TOOLCHAIN_GCC_CR\libmbed.a(Stream.o)
                0x00001400                mbed::Stream::Stream(char const*)
                0x00001400                mbed::Stream::Stream(char const*)
 .text._ZN4mbed6StreamD2Ev
                0x00001444       0x24 D:\_Embedded\_mbed\mbed_timer\mbed\TARGET_LPC1768\TOOLCHAIN_GCC_CR\libmbed.a(Stream.o)
                0x00001444                mbed::Stream::~Stream()
                0x00001444                mbed::Stream::~Stream()
 .text._ZN4mbed6Stream6printfEPKcz
                0x00001468       0x2c D:\_Embedded\_mbed\mbed_timer\mbed\TARGET_LPC1768\TOOLCHAIN_GCC_CR\libmbed.a(Stream.o)
                0x00001468                mbed::Stream::printf(char const*, ...)
 .text.mbed_assert_internal
                0x00001494       0x18 D:\_Embedded\_mbed\mbed_timer\mbed\TARGET_LPC1768\TOOLCHAIN_GCC_CR\libmbed.a(assert.o)
                0x00001494                mbed_assert_internal
 .text._ZN4mbed5Timer9slicetimeEv.part.0
                0x000014ac       0x10 D:\_Embedded\_mbed\mbed_timer\mbed\TARGET_LPC1768\TOOLCHAIN_GCC_CR\libmbed.a(Timer.o)
 .text._ZN4mbed5TimerC2Ev
                0x000014bc       0x20 D:\_Embedded\_mbed\mbed_timer\mbed\TARGET_LPC1768\TOOLCHAIN_GCC_CR\libmbed.a(Timer.o)
                0x000014bc                mbed::Timer::Timer()
                0x000014bc                mbed::Timer::Timer()
 .text._ZN4mbed5Timer5startEv
                0x000014dc       0x18 D:\_Embedded\_mbed\mbed_timer\mbed\TARGET_LPC1768\TOOLCHAIN_GCC_CR\libmbed.a(Timer.o)
                0x000014dc                mbed::Timer::start()
 .text._ZN4mbed5Timer4stopEv
                0x000014f4       0x1c D:\_Embedded\_mbed\mbed_timer\mbed\TARGET_LPC1768\TOOLCHAIN_GCC_CR\libmbed.a(Timer.o)
                0x000014f4                mbed::Timer::stop()
 .text._ZN4mbed5Timer7read_usEv
                0x00001510       0x14 D:\_Embedded\_mbed\mbed_timer\mbed\TARGET_LPC1768\TOOLCHAIN_GCC_CR\libmbed.a(Timer.o)
                0x00001510                mbed::Timer::read_us()
 .text._ZN4mbed5Timer5resetEv
                0x00001524       0x14 D:\_Embedded\_mbed\mbed_timer\mbed\TARGET_LPC1768\TOOLCHAIN_GCC_CR\libmbed.a(Timer.o)
                0x00001524                mbed::Timer::reset()
 .text.error    0x00001538       0x24 D:\_Embedded\_mbed\mbed_timer\mbed\TARGET_LPC1768\TOOLCHAIN_GCC_CR\libmbed.a(error.o)
                0x00001538                error
 .text.gpio_init_in
                0x0000155c       0x24 D:\_Embedded\_mbed\mbed_timer\mbed\TARGET_LPC1768\TOOLCHAIN_GCC_CR\libmbed.a(gpio.o)
                0x0000155c                gpio_init_in
 .text.gpio_init_out
                0x00001580       0x44 D:\_Embedded\_mbed\mbed_timer\mbed\TARGET_LPC1768\TOOLCHAIN_GCC_CR\libmbed.a(gpio.o)
                0x00001580                gpio_init_out
 .text.gpio_init_out_ex
                0x000015c4       0x54 D:\_Embedded\_mbed\mbed_timer\mbed\TARGET_LPC1768\TOOLCHAIN_GCC_CR\libmbed.a(gpio.o)
                0x000015c4                gpio_init_out_ex
 .text.mbed_interface_connected
                0x00001618        0x4 D:\_Embedded\_mbed\mbed_timer\mbed\TARGET_LPC1768\TOOLCHAIN_GCC_CR\libmbed.a(mbed_interface.o)
                0x00001618                mbed_interface_connected
 .text.pinmap_pinout
                0x0000161c       0x40 D:\_Embedded\_mbed\mbed_timer\mbed\TARGET_LPC1768\TOOLCHAIN_GCC_CR\libmbed.a(pinmap_common.o)
                0x0000161c                pinmap_pinout
 .text.pinmap_merge
                0x0000165c       0x24 D:\_Embedded\_mbed\mbed_timer\mbed\TARGET_LPC1768\TOOLCHAIN_GCC_CR\libmbed.a(pinmap_common.o)
                0x0000165c                pinmap_merge
 .text.pinmap_find_peripheral
                0x00001680       0x1c D:\_Embedded\_mbed\mbed_timer\mbed\TARGET_LPC1768\TOOLCHAIN_GCC_CR\libmbed.a(pinmap_common.o)
                0x00001680                pinmap_find_peripheral
 .text.pinmap_peripheral
                0x0000169c       0x34 D:\_Embedded\_mbed\mbed_timer\mbed\TARGET_LPC1768\TOOLCHAIN_GCC_CR\libmbed.a(pinmap_common.o)
                0x0000169c                pinmap_peripheral
 .text.semihost_exit
                0x000016d0       0x18 D:\_Embedded\_mbed\mbed_timer\mbed\TARGET_LPC1768\TOOLCHAIN_GCC_CR\libmbed.a(semihost_api.o)
                0x000016d0                semihost_exit
 .text.semihost_connected
                0x000016e8       0x10 D:\_Embedded\_mbed\mbed_timer\mbed\TARGET_LPC1768\TOOLCHAIN_GCC_CR\libmbed.a(semihost_api.o)
                0x000016e8                semihost_connected
 .text.ticker_irq_handler
                0x000016f8       0x4c D:\_Embedded\_mbed\mbed_timer\mbed\TARGET_LPC1768\TOOLCHAIN_GCC_CR\libmbed.a(ticker_api.o)
                0x000016f8                ticker_irq_handler
 .text.ticker_read
                0x00001744        0x8 D:\_Embedded\_mbed\mbed_timer\mbed\TARGET_LPC1768\TOOLCHAIN_GCC_CR\libmbed.a(ticker_api.o)
                0x00001744                ticker_read
 .text.get_us_ticker_data
                0x0000174c        0x8 D:\_Embedded\_mbed\mbed_timer\mbed\TARGET_LPC1768\TOOLCHAIN_GCC_CR\libmbed.a(us_ticker_api.o)
                0x0000174c                get_us_ticker_data
 .text.us_ticker_irq_handler
                0x00001754        0xc D:\_Embedded\_mbed\mbed_timer\mbed\TARGET_LPC1768\TOOLCHAIN_GCC_CR\libmbed.a(us_ticker_api.o)
                0x00001754                us_ticker_irq_handler
 .text.wait_us  0x00001760       0x18 D:\_Embedded\_mbed\mbed_timer\mbed\TARGET_LPC1768\TOOLCHAIN_GCC_CR\libmbed.a(wait_api.o)
                0x00001760                wait_us
 .text.wait_ms  0x00001778        0xc D:\_Embedded\_mbed\mbed_timer\mbed\TARGET_LPC1768\TOOLCHAIN_GCC_CR\libmbed.a(wait_api.o)
                0x00001778                wait_ms
 .text.gpio_set
                0x00001784       0x30 D:\_Embedded\_mbed\mbed_timer\mbed\TARGET_LPC1768\TOOLCHAIN_GCC_CR\libmbed.a(gpio_api.o)
                0x00001784                gpio_set
 .text.gpio_init
                0x000017b4       0x30 D:\_Embedded\_mbed\mbed_timer\mbed\TARGET_LPC1768\TOOLCHAIN_GCC_CR\libmbed.a(gpio_api.o)
                0x000017b4                gpio_init
 .text.gpio_mode
                0x000017e4        0x8 D:\_Embedded\_mbed\mbed_timer\mbed\TARGET_LPC1768\TOOLCHAIN_GCC_CR\libmbed.a(gpio_api.o)
                0x000017e4                gpio_mode
 .text.gpio_dir
                0x000017ec       0x44 D:\_Embedded\_mbed\mbed_timer\mbed\TARGET_LPC1768\TOOLCHAIN_GCC_CR\libmbed.a(gpio_api.o)
                0x000017ec                gpio_dir
 .text.pin_function
                0x00001830       0x50 D:\_Embedded\_mbed\mbed_timer\mbed\TARGET_LPC1768\TOOLCHAIN_GCC_CR\libmbed.a(pinmap.o)
                0x00001830                pin_function
 .text.pin_mode
                0x00001880       0x78 D:\_Embedded\_mbed\mbed_timer\mbed\TARGET_LPC1768\TOOLCHAIN_GCC_CR\libmbed.a(pinmap.o)
                0x00001880                pin_mode
 .text.us_ticker_init.part.0
                0x000018f8       0x64 D:\_Embedded\_mbed\mbed_timer\mbed\TARGET_LPC1768\TOOLCHAIN_GCC_CR\libmbed.a(us_ticker.o)
 .text.us_ticker_init
                0x0000195c       0x10 D:\_Embedded\_mbed\mbed_timer\mbed\TARGET_LPC1768\TOOLCHAIN_GCC_CR\libmbed.a(us_ticker.o)
                0x0000195c                us_ticker_init
 .text.us_ticker_read
                0x0000196c       0x1c D:\_Embedded\_mbed\mbed_timer\mbed\TARGET_LPC1768\TOOLCHAIN_GCC_CR\libmbed.a(us_ticker.o)
                0x0000196c                us_ticker_read
 .text.us_ticker_set_interrupt
                0x00001988       0x14 D:\_Embedded\_mbed\mbed_timer\mbed\TARGET_LPC1768\TOOLCHAIN_GCC_CR\libmbed.a(us_ticker.o)
                0x00001988                us_ticker_set_interrupt
 .text.us_ticker_disable_interrupt
                0x0000199c       0x10 D:\_Embedded\_mbed\mbed_timer\mbed\TARGET_LPC1768\TOOLCHAIN_GCC_CR\libmbed.a(us_ticker.o)
                0x0000199c                us_ticker_disable_interrupt
 .text.us_ticker_clear_interrupt
                0x000019ac        0xc D:\_Embedded\_mbed\mbed_timer\mbed\TARGET_LPC1768\TOOLCHAIN_GCC_CR\libmbed.a(us_ticker.o)
                0x000019ac                us_ticker_clear_interrupt
 .text._ZN4mbed8FileBaseD2Ev
                0x000019b8       0x30 D:\_Embedded\_mbed\mbed_timer\mbed\TARGET_LPC1768\TOOLCHAIN_GCC_CR\libmbed.a(FileBase.o)
                0x000019b8                mbed::FileBase::~FileBase()
                0x000019b8                mbed::FileBase::~FileBase()
 .text._ZN4mbed8FileBaseD0Ev
                0x000019e8       0x3c D:\_Embedded\_mbed\mbed_timer\mbed\TARGET_LPC1768\TOOLCHAIN_GCC_CR\libmbed.a(FileBase.o)
                0x000019e8                mbed::FileBase::~FileBase()
 .text._ZN4mbed8FileBaseC2EPKcNS_8PathTypeE
                0x00001a24       0x28 D:\_Embedded\_mbed\mbed_timer\mbed\TARGET_LPC1768\TOOLCHAIN_GCC_CR\libmbed.a(FileBase.o)
                0x00001a24                mbed::FileBase::FileBase(char const*, mbed::PathType)
                0x00001a24                mbed::FileBase::FileBase(char const*, mbed::PathType)
 .text._ZN4mbed8FileBase6lookupEPKcj
                0x00001a4c       0x3c D:\_Embedded\_mbed\mbed_timer\mbed\TARGET_LPC1768\TOOLCHAIN_GCC_CR\libmbed.a(FileBase.o)
                0x00001a4c                mbed::FileBase::lookup(char const*, unsigned int)
 .text._ZN4mbed8FileBase11getPathTypeEv
                0x00001a88        0x4 D:\_Embedded\_mbed\mbed_timer\mbed\TARGET_LPC1768\TOOLCHAIN_GCC_CR\libmbed.a(FileBase.o)
                0x00001a88                mbed::FileBase::getPathType()
 .text._ZN4mbed8FileLikeC2EPKc
                0x00001a8c       0x28 D:\_Embedded\_mbed\mbed_timer\mbed\TARGET_LPC1768\TOOLCHAIN_GCC_CR\libmbed.a(FileLike.o)
                0x00001a8c                mbed::FileLike::FileLike(char const*)
                0x00001a8c                mbed::FileLike::FileLike(char const*)
 .text._ZN4mbed8FileLikeD2Ev
                0x00001ab4       0x24 D:\_Embedded\_mbed\mbed_timer\mbed\TARGET_LPC1768\TOOLCHAIN_GCC_CR\libmbed.a(FileLike.o)
                0x00001ab4                mbed::FileLike::~FileLike()
                0x00001ab4                mbed::FileLike::~FileLike()
 .text          0x00001ad8       0x30 c:/nxp/lpcxpresso_8.0.0_526/lpcxpresso/tools/bin/../lib/gcc/arm-none-eabi/4.9.3/armv7-m\libgcc.a(_aeabi_uldivmod.o)
                0x00001ad8                __aeabi_uldivmod
 .text          0x00001b08       0x60 c:/nxp/lpcxpresso_8.0.0_526/lpcxpresso/tools/bin/../lib/gcc/arm-none-eabi/4.9.3/armv7-m\libgcc.a(bpabi.o)
                0x00001b08                __gnu_ldivmod_helper
                0x00001b38                __gnu_uldivmod_helper
 .text          0x00001b68        0x4 c:/nxp/lpcxpresso_8.0.0_526/lpcxpresso/tools/bin/../lib/gcc/arm-none-eabi/4.9.3/armv7-m\libgcc.a(_dvmd_tls.o)
                0x00001b68                __aeabi_idiv0
                0x00001b68                __aeabi_ldiv0
 .text          0x00001b6c      0x2ac c:/nxp/lpcxpresso_8.0.0_526/lpcxpresso/tools/bin/../lib/gcc/arm-none-eabi/4.9.3/armv7-m\libgcc.a(_divdi3.o)
                0x00001b6c                __divdi3
 .text          0x00001e18      0x270 c:/nxp/lpcxpresso_8.0.0_526/lpcxpresso/tools/bin/../lib/gcc/arm-none-eabi/4.9.3/armv7-m\libgcc.a(_udivdi3.o)
                0x00001e18                __udivdi3
 .text.abs      0x00002088        0x8 c:/nxp/lpcxpresso_8.0.0_526/lpcxpresso/tools/bin/../lib/gcc/arm-none-eabi/4.9.3/../../../../arm-none-eabi/lib/armv7-m\libc.a(lib_a-abs.o)
                0x00002088                abs
 .text.__errno  0x00002090        0xc c:/nxp/lpcxpresso_8.0.0_526/lpcxpresso/tools/bin/../lib/gcc/arm-none-eabi/4.9.3/../../../../arm-none-eabi/lib/armv7-m\libc.a(lib_a-errno.o)
                0x00002090                __errno
 .text._fclose_r
                0x0000209c       0x84 c:/nxp/lpcxpresso_8.0.0_526/lpcxpresso/tools/bin/../lib/gcc/arm-none-eabi/4.9.3/../../../../arm-none-eabi/lib/armv7-m\libc.a(lib_a-fclose.o)
                0x0000209c                _fclose_r
 .text.fclose   0x00002120       0x10 c:/nxp/lpcxpresso_8.0.0_526/lpcxpresso/tools/bin/../lib/gcc/arm-none-eabi/4.9.3/../../../../arm-none-eabi/lib/armv7-m\libc.a(lib_a-fclose.o)
                0x00002120                fclose
 .text.__sflush_r
                0x00002130      0x148 c:/nxp/lpcxpresso_8.0.0_526/lpcxpresso/tools/bin/../lib/gcc/arm-none-eabi/4.9.3/../../../../arm-none-eabi/lib/armv7-m\libc.a(lib_a-fflush.o)
                0x00002130                __sflush_r
 .text._fflush_r
                0x00002278       0x2c c:/nxp/lpcxpresso_8.0.0_526/lpcxpresso/tools/bin/../lib/gcc/arm-none-eabi/4.9.3/../../../../arm-none-eabi/lib/armv7-m\libc.a(lib_a-fflush.o)
                0x00002278                _fflush_r
 .text.fflush   0x000022a4       0x24 c:/nxp/lpcxpresso_8.0.0_526/lpcxpresso/tools/bin/../lib/gcc/arm-none-eabi/4.9.3/../../../../arm-none-eabi/lib/armv7-m\libc.a(lib_a-fflush.o)
                0x000022a4                fflush
 .text._cleanup_r
                0x000022c8        0xc c:/nxp/lpcxpresso_8.0.0_526/lpcxpresso/tools/bin/../lib/gcc/arm-none-eabi/4.9.3/../../../../arm-none-eabi/lib/armv7-m\libc.a(lib_a-findfp.o)
                0x000022c8                _cleanup_r
 .text.__sinit.part.1
                0x000022d4       0xf0 c:/nxp/lpcxpresso_8.0.0_526/lpcxpresso/tools/bin/../lib/gcc/arm-none-eabi/4.9.3/../../../../arm-none-eabi/lib/armv7-m\libc.a(lib_a-findfp.o)
 .text.__sfmoreglue
                0x000023c4       0x30 c:/nxp/lpcxpresso_8.0.0_526/lpcxpresso/tools/bin/../lib/gcc/arm-none-eabi/4.9.3/../../../../arm-none-eabi/lib/armv7-m\libc.a(lib_a-findfp.o)
                0x000023c4                __sfmoreglue
 .text.__sfp    0x000023f4       0x88 c:/nxp/lpcxpresso_8.0.0_526/lpcxpresso/tools/bin/../lib/gcc/arm-none-eabi/4.9.3/../../../../arm-none-eabi/lib/armv7-m\libc.a(lib_a-findfp.o)
                0x000023f4                __sfp
 .text.__sinit  0x0000247c        0xc c:/nxp/lpcxpresso_8.0.0_526/lpcxpresso/tools/bin/../lib/gcc/arm-none-eabi/4.9.3/../../../../arm-none-eabi/lib/armv7-m\libc.a(lib_a-findfp.o)
                0x0000247c                __sinit
 .text.__sfp_lock_acquire
                0x00002488        0x4 c:/nxp/lpcxpresso_8.0.0_526/lpcxpresso/tools/bin/../lib/gcc/arm-none-eabi/4.9.3/../../../../arm-none-eabi/lib/armv7-m\libc.a(lib_a-findfp.o)
                0x00002488                __sfp_lock_acquire
 .text.__sfp_lock_release
                0x0000248c        0x4 c:/nxp/lpcxpresso_8.0.0_526/lpcxpresso/tools/bin/../lib/gcc/arm-none-eabi/4.9.3/../../../../arm-none-eabi/lib/armv7-m\libc.a(lib_a-findfp.o)
                0x0000248c                __sfp_lock_release
 .text._fopen_r
                0x00002490       0x88 c:/nxp/lpcxpresso_8.0.0_526/lpcxpresso/tools/bin/../lib/gcc/arm-none-eabi/4.9.3/../../../../arm-none-eabi/lib/armv7-m\libc.a(lib_a-fopen.o)
                0x00002490                _fopen_r
 .text.fopen    0x00002518       0x10 c:/nxp/lpcxpresso_8.0.0_526/lpcxpresso/tools/bin/../lib/gcc/arm-none-eabi/4.9.3/../../../../arm-none-eabi/lib/armv7-m\libc.a(lib_a-fopen.o)
                0x00002518                fopen
 .text._malloc_trim_r
                0x00002528       0x9c c:/nxp/lpcxpresso_8.0.0_526/lpcxpresso/tools/bin/../lib/gcc/arm-none-eabi/4.9.3/../../../../arm-none-eabi/lib/armv7-m\libc.a(lib_a-freer.o)
                0x00002528                _malloc_trim_r
 .text._free_r  0x000025c4      0x1b0 c:/nxp/lpcxpresso_8.0.0_526/lpcxpresso/tools/bin/../lib/gcc/arm-none-eabi/4.9.3/../../../../arm-none-eabi/lib/armv7-m\libc.a(lib_a-freer.o)
                0x000025c4                _free_r
 .text._fseek_r
                0x00002774        0x4 c:/nxp/lpcxpresso_8.0.0_526/lpcxpresso/tools/bin/../lib/gcc/arm-none-eabi/4.9.3/../../../../arm-none-eabi/lib/armv7-m\libc.a(lib_a-fseek.o)
                0x00002774                _fseek_r
 .text._fseeko_r
                0x00002778      0x2c0 c:/nxp/lpcxpresso_8.0.0_526/lpcxpresso/tools/bin/../lib/gcc/arm-none-eabi/4.9.3/../../../../arm-none-eabi/lib/armv7-m\libc.a(lib_a-fseeko.o)
                0x00002778                _fseeko_r
 .text._fstat_r
                0x00002a38       0x28 c:/nxp/lpcxpresso_8.0.0_526/lpcxpresso/tools/bin/../lib/gcc/arm-none-eabi/4.9.3/../../../../arm-none-eabi/lib/armv7-m\libc.a(lib_a-fstatr.o)
                0x00002a38                _fstat_r
 .text.__sfvwrite_r
                0x00002a60      0x320 c:/nxp/lpcxpresso_8.0.0_526/lpcxpresso/tools/bin/../lib/gcc/arm-none-eabi/4.9.3/../../../../arm-none-eabi/lib/armv7-m\libc.a(lib_a-fvwrite.o)
                0x00002a60                __sfvwrite_r
 .text._fwalk   0x00002d80       0x48 c:/nxp/lpcxpresso_8.0.0_526/lpcxpresso/tools/bin/../lib/gcc/arm-none-eabi/4.9.3/../../../../arm-none-eabi/lib/armv7-m\libc.a(lib_a-fwalk.o)
                0x00002d80                _fwalk
 .text._fwalk_reent
                0x00002dc8       0x50 c:/nxp/lpcxpresso_8.0.0_526/lpcxpresso/tools/bin/../lib/gcc/arm-none-eabi/4.9.3/../../../../arm-none-eabi/lib/armv7-m\libc.a(lib_a-fwalk.o)
                0x00002dc8                _fwalk_reent
 .text.__libc_init_array
                0x00002e18       0x50 c:/nxp/lpcxpresso_8.0.0_526/lpcxpresso/tools/bin/../lib/gcc/arm-none-eabi/4.9.3/../../../../arm-none-eabi/lib/armv7-m\libc.a(lib_a-init.o)
                0x00002e18                __libc_init_array
 .text.__smakebuf_r
                0x00002e68       0xe0 c:/nxp/lpcxpresso_8.0.0_526/lpcxpresso/tools/bin/../lib/gcc/arm-none-eabi/4.9.3/../../../../arm-none-eabi/lib/armv7-m\libc.a(lib_a-makebuf.o)
                0x00002e68                __smakebuf_r
 .text.malloc   0x00002f48       0x10 c:/nxp/lpcxpresso_8.0.0_526/lpcxpresso/tools/bin/../lib/gcc/arm-none-eabi/4.9.3/../../../../arm-none-eabi/lib/armv7-m\libc.a(lib_a-malloc.o)
                0x00002f48                malloc
 .text.free     0x00002f58       0x10 c:/nxp/lpcxpresso_8.0.0_526/lpcxpresso/tools/bin/../lib/gcc/arm-none-eabi/4.9.3/../../../../arm-none-eabi/lib/armv7-m\libc.a(lib_a-malloc.o)
                0x00002f58                free
 .text._malloc_r
                0x00002f68      0x50c c:/nxp/lpcxpresso_8.0.0_526/lpcxpresso/tools/bin/../lib/gcc/arm-none-eabi/4.9.3/../../../../arm-none-eabi/lib/armv7-m\libc.a(lib_a-mallocr.o)
                0x00002f68                _malloc_r
 .text.memchr   0x00003474       0x94 c:/nxp/lpcxpresso_8.0.0_526/lpcxpresso/tools/bin/../lib/gcc/arm-none-eabi/4.9.3/../../../../arm-none-eabi/lib/armv7-m\libc.a(lib_a-memchr.o)
                0x00003474                memchr
 .text          0x00003508       0xec c:/nxp/lpcxpresso_8.0.0_526/lpcxpresso/tools/bin/../lib/gcc/arm-none-eabi/4.9.3/../../../../arm-none-eabi/lib/armv7-m\libc.a(lib_a-memcpy.o)
                0x00003508                memcpy
 .text.memmove  0x000035f4       0xc8 c:/nxp/lpcxpresso_8.0.0_526/lpcxpresso/tools/bin/../lib/gcc/arm-none-eabi/4.9.3/../../../../arm-none-eabi/lib/armv7-m\libc.a(lib_a-memmove.o)
                0x000035f4                memmove
 .text.memset   0x000036bc       0x9c c:/nxp/lpcxpresso_8.0.0_526/lpcxpresso/tools/bin/../lib/gcc/arm-none-eabi/4.9.3/../../../../arm-none-eabi/lib/armv7-m\libc.a(lib_a-memset.o)
                0x000036bc                memset
 .text.__malloc_lock
                0x00003758        0x4 c:/nxp/lpcxpresso_8.0.0_526/lpcxpresso/tools/bin/../lib/gcc/arm-none-eabi/4.9.3/../../../../arm-none-eabi/lib/armv7-m\libc.a(lib_a-mlock.o)
                0x00003758                __malloc_lock
 .text.__malloc_unlock
                0x0000375c        0x4 c:/nxp/lpcxpresso_8.0.0_526/lpcxpresso/tools/bin/../lib/gcc/arm-none-eabi/4.9.3/../../../../arm-none-eabi/lib/armv7-m\libc.a(lib_a-mlock.o)
                0x0000375c                __malloc_unlock
 .text._open_r  0x00003760       0x28 c:/nxp/lpcxpresso_8.0.0_526/lpcxpresso/tools/bin/../lib/gcc/arm-none-eabi/4.9.3/../../../../arm-none-eabi/lib/armv7-m\libc.a(lib_a-openr.o)
                0x00003760                _open_r
 .text._realloc_r
                0x00003788      0x3e0 c:/nxp/lpcxpresso_8.0.0_526/lpcxpresso/tools/bin/../lib/gcc/arm-none-eabi/4.9.3/../../../../arm-none-eabi/lib/armv7-m\libc.a(lib_a-reallocr.o)
                0x00003788                _realloc_r
 .text.lflush   0x00003b68       0x14 c:/nxp/lpcxpresso_8.0.0_526/lpcxpresso/tools/bin/../lib/gcc/arm-none-eabi/4.9.3/../../../../arm-none-eabi/lib/armv7-m\libc.a(lib_a-refill.o)
 .text.__srefill_r
                0x00003b7c      0x110 c:/nxp/lpcxpresso_8.0.0_526/lpcxpresso/tools/bin/../lib/gcc/arm-none-eabi/4.9.3/../../../../arm-none-eabi/lib/armv7-m\libc.a(lib_a-refill.o)
                0x00003b7c                __srefill_r
 .text._sbrk_r  0x00003c8c       0x24 c:/nxp/lpcxpresso_8.0.0_526/lpcxpresso/tools/bin/../lib/gcc/arm-none-eabi/4.9.3/../../../../arm-none-eabi/lib/armv7-m\libc.a(lib_a-sbrkr.o)
                0x00003c8c                _sbrk_r
 .text.setbuf   0x00003cb0       0x10 c:/nxp/lpcxpresso_8.0.0_526/lpcxpresso/tools/bin/../lib/gcc/arm-none-eabi/4.9.3/../../../../arm-none-eabi/lib/armv7-m\libc.a(lib_a-setbuf.o)
                0x00003cb0                setbuf
 .text.setvbuf  0x00003cc0       0xf8 c:/nxp/lpcxpresso_8.0.0_526/lpcxpresso/tools/bin/../lib/gcc/arm-none-eabi/4.9.3/../../../../arm-none-eabi/lib/armv7-m\libc.a(lib_a-setvbuf.o)
                0x00003cc0                setvbuf
 .text.sprintf  0x00003db8       0x4c c:/nxp/lpcxpresso_8.0.0_526/lpcxpresso/tools/bin/../lib/gcc/arm-none-eabi/4.9.3/../../../../arm-none-eabi/lib/armv7-m\libc.a(lib_a-sprintf.o)
                0x00003db8                sprintf
 .text.sscanf   0x00003e04       0x58 c:/nxp/lpcxpresso_8.0.0_526/lpcxpresso/tools/bin/../lib/gcc/arm-none-eabi/4.9.3/../../../../arm-none-eabi/lib/armv7-m\libc.a(lib_a-sscanf.o)
                0x00003e04                sscanf
 .text.__sread  0x00003e5c       0x24 c:/nxp/lpcxpresso_8.0.0_526/lpcxpresso/tools/bin/../lib/gcc/arm-none-eabi/4.9.3/../../../../arm-none-eabi/lib/armv7-m\libc.a(lib_a-stdio.o)
                0x00003e5c                __sread
 .text.__seofread
                0x00003e80        0x4 c:/nxp/lpcxpresso_8.0.0_526/lpcxpresso/tools/bin/../lib/gcc/arm-none-eabi/4.9.3/../../../../arm-none-eabi/lib/armv7-m\libc.a(lib_a-stdio.o)
                0x00003e80                __seofread
 .text.__swrite
                0x00003e84       0x38 c:/nxp/lpcxpresso_8.0.0_526/lpcxpresso/tools/bin/../lib/gcc/arm-none-eabi/4.9.3/../../../../arm-none-eabi/lib/armv7-m\libc.a(lib_a-stdio.o)
                0x00003e84                __swrite
 .text.__sseek  0x00003ebc       0x20 c:/nxp/lpcxpresso_8.0.0_526/lpcxpresso/tools/bin/../lib/gcc/arm-none-eabi/4.9.3/../../../../arm-none-eabi/lib/armv7-m\libc.a(lib_a-stdio.o)
                0x00003ebc                __sseek
 .text.__sclose
                0x00003edc        0x8 c:/nxp/lpcxpresso_8.0.0_526/lpcxpresso/tools/bin/../lib/gcc/arm-none-eabi/4.9.3/../../../../arm-none-eabi/lib/armv7-m\libc.a(lib_a-stdio.o)
                0x00003edc                __sclose
 .text          0x00003ee4      0x1bc c:/nxp/lpcxpresso_8.0.0_526/lpcxpresso/tools/bin/../lib/gcc/arm-none-eabi/4.9.3/../../../../arm-none-eabi/lib/armv7-m\libc.a(lib_a-strcmp.o)
                0x00003ee4                strcmp
 .text.strlen   0x000040a0       0x5c c:/nxp/lpcxpresso_8.0.0_526/lpcxpresso/tools/bin/../lib/gcc/arm-none-eabi/4.9.3/../../../../arm-none-eabi/lib/armv7-m\libc.a(lib_a-strlen.o)
                0x000040a0                strlen
 .text.strncmp  0x000040fc       0x94 c:/nxp/lpcxpresso_8.0.0_526/lpcxpresso/tools/bin/../lib/gcc/arm-none-eabi/4.9.3/../../../../arm-none-eabi/lib/armv7-m\libc.a(lib_a-strncmp.o)
                0x000040fc                strncmp
 .text._svfprintf_r
                0x00004190     0x14f4 c:/nxp/lpcxpresso_8.0.0_526/lpcxpresso/tools/bin/../lib/gcc/arm-none-eabi/4.9.3/../../../../arm-none-eabi/lib/armv7-m\libc.a(lib_a-svfprintf.o)
                0x00004190                _svfprintf_r
 .text.__ssvfscanf_r
                0x00005684      0xdf4 c:/nxp/lpcxpresso_8.0.0_526/lpcxpresso/tools/bin/../lib/gcc/arm-none-eabi/4.9.3/../../../../arm-none-eabi/lib/armv7-m\libc.a(lib_a-svfscanf.o)
                0x00005684                __ssvfscanf_r
 .text._vfprintf_r
                0x00006478     0x1448 c:/nxp/lpcxpresso_8.0.0_526/lpcxpresso/tools/bin/../lib/gcc/arm-none-eabi/4.9.3/../../../../arm-none-eabi/lib/armv7-m\libc.a(lib_a-vfprintf.o)
                0x00006478                _vfprintf_r
 .text.vfprintf
                0x000078c0       0x18 c:/nxp/lpcxpresso_8.0.0_526/lpcxpresso/tools/bin/../lib/gcc/arm-none-eabi/4.9.3/../../../../arm-none-eabi/lib/armv7-m\libc.a(lib_a-vfprintf.o)
                0x000078c0                vfprintf
 .text.__sbprintf
                0x000078d8       0x7c c:/nxp/lpcxpresso_8.0.0_526/lpcxpresso/tools/bin/../lib/gcc/arm-none-eabi/4.9.3/../../../../arm-none-eabi/lib/armv7-m\libc.a(lib_a-vfprintf.o)
 .text.__swbuf_r
                0x00007954       0xa8 c:/nxp/lpcxpresso_8.0.0_526/lpcxpresso/tools/bin/../lib/gcc/arm-none-eabi/4.9.3/../../../../arm-none-eabi/lib/armv7-m\libc.a(lib_a-wbuf.o)
                0x00007954                __swbuf_r
 .text._write_r
                0x000079fc       0x28 c:/nxp/lpcxpresso_8.0.0_526/lpcxpresso/tools/bin/../lib/gcc/arm-none-eabi/4.9.3/../../../../arm-none-eabi/lib/armv7-m\libc.a(lib_a-writer.o)
                0x000079fc                _write_r
 .text.__swsetup_r
                0x00007a24       0xc4 c:/nxp/lpcxpresso_8.0.0_526/lpcxpresso/tools/bin/../lib/gcc/arm-none-eabi/4.9.3/../../../../arm-none-eabi/lib/armv7-m\libc.a(lib_a-wsetup.o)
                0x00007a24                __swsetup_r
 .text._close_r
                0x00007ae8       0x24 c:/nxp/lpcxpresso_8.0.0_526/lpcxpresso/tools/bin/../lib/gcc/arm-none-eabi/4.9.3/../../../../arm-none-eabi/lib/armv7-m\libc.a(lib_a-closer.o)
                0x00007ae8                _close_r
 .text.quorem   0x00007b0c      0x130 c:/nxp/lpcxpresso_8.0.0_526/lpcxpresso/tools/bin/../lib/gcc/arm-none-eabi/4.9.3/../../../../arm-none-eabi/lib/armv7-m\libc.a(lib_a-dtoa.o)
 *fill*         0x00007c3c        0x4 
 .text._dtoa_r  0x00007c40      0xea4 c:/nxp/lpcxpresso_8.0.0_526/lpcxpresso/tools/bin/../lib/gcc/arm-none-eabi/4.9.3/../../../../arm-none-eabi/lib/armv7-m\libc.a(lib_a-dtoa.o)
                0x00007c40                _dtoa_r
 .text.__sflags
                0x00008ae4       0x74 c:/nxp/lpcxpresso_8.0.0_526/lpcxpresso/tools/bin/../lib/gcc/arm-none-eabi/4.9.3/../../../../arm-none-eabi/lib/armv7-m\libc.a(lib_a-flags.o)
                0x00008ae4                __sflags
 .text._isatty_r
                0x00008b58       0x24 c:/nxp/lpcxpresso_8.0.0_526/lpcxpresso/tools/bin/../lib/gcc/arm-none-eabi/4.9.3/../../../../arm-none-eabi/lib/armv7-m\libc.a(lib_a-isattyr.o)
                0x00008b58                _isatty_r
 .text.iswspace
                0x00008b7c       0x1c c:/nxp/lpcxpresso_8.0.0_526/lpcxpresso/tools/bin/../lib/gcc/arm-none-eabi/4.9.3/../../../../arm-none-eabi/lib/armv7-m\libc.a(lib_a-iswspace.o)
                0x00008b7c                iswspace
 .text.__locale_charset
                0x00008b98        0x8 c:/nxp/lpcxpresso_8.0.0_526/lpcxpresso/tools/bin/../lib/gcc/arm-none-eabi/4.9.3/../../../../arm-none-eabi/lib/armv7-m\libc.a(lib_a-locale.o)
                0x00008b98                __locale_charset
 .text.__locale_mb_cur_max
                0x00008ba0        0xc c:/nxp/lpcxpresso_8.0.0_526/lpcxpresso/tools/bin/../lib/gcc/arm-none-eabi/4.9.3/../../../../arm-none-eabi/lib/armv7-m\libc.a(lib_a-locale.o)
                0x00008ba0                __locale_mb_cur_max
 .text._localeconv_r
                0x00008bac        0x8 c:/nxp/lpcxpresso_8.0.0_526/lpcxpresso/tools/bin/../lib/gcc/arm-none-eabi/4.9.3/../../../../arm-none-eabi/lib/armv7-m\libc.a(lib_a-locale.o)
                0x00008bac                _localeconv_r
 .text._lseek_r
                0x00008bb4       0x28 c:/nxp/lpcxpresso_8.0.0_526/lpcxpresso/tools/bin/../lib/gcc/arm-none-eabi/4.9.3/../../../../arm-none-eabi/lib/armv7-m\libc.a(lib_a-lseekr.o)
                0x00008bb4                _lseek_r
 .text._mbrtowc_r
                0x00008bdc       0x5c c:/nxp/lpcxpresso_8.0.0_526/lpcxpresso/tools/bin/../lib/gcc/arm-none-eabi/4.9.3/../../../../arm-none-eabi/lib/armv7-m\libc.a(lib_a-mbrtowc.o)
                0x00008bdc                _mbrtowc_r
 .text.__ascii_mbtowc
                0x00008c38       0x2c c:/nxp/lpcxpresso_8.0.0_526/lpcxpresso/tools/bin/../lib/gcc/arm-none-eabi/4.9.3/../../../../arm-none-eabi/lib/armv7-m\libc.a(lib_a-mbtowc_r.o)
                0x00008c38                __ascii_mbtowc
 .text._Balloc  0x00008c64       0x50 c:/nxp/lpcxpresso_8.0.0_526/lpcxpresso/tools/bin/../lib/gcc/arm-none-eabi/4.9.3/../../../../arm-none-eabi/lib/armv7-m\libc.a(lib_a-mprec.o)
                0x00008c64                _Balloc
 .text._Bfree   0x00008cb4       0x14 c:/nxp/lpcxpresso_8.0.0_526/lpcxpresso/tools/bin/../lib/gcc/arm-none-eabi/4.9.3/../../../../arm-none-eabi/lib/armv7-m\libc.a(lib_a-mprec.o)
                0x00008cb4                _Bfree
 .text.__multadd
                0x00008cc8       0x84 c:/nxp/lpcxpresso_8.0.0_526/lpcxpresso/tools/bin/../lib/gcc/arm-none-eabi/4.9.3/../../../../arm-none-eabi/lib/armv7-m\libc.a(lib_a-mprec.o)
                0x00008cc8                __multadd
 .text.__s2b    0x00008d4c       0x98 c:/nxp/lpcxpresso_8.0.0_526/lpcxpresso/tools/bin/../lib/gcc/arm-none-eabi/4.9.3/../../../../arm-none-eabi/lib/armv7-m\libc.a(lib_a-mprec.o)
                0x00008d4c                __s2b
 .text.__hi0bits
                0x00008de4       0x40 c:/nxp/lpcxpresso_8.0.0_526/lpcxpresso/tools/bin/../lib/gcc/arm-none-eabi/4.9.3/../../../../arm-none-eabi/lib/armv7-m\libc.a(lib_a-mprec.o)
                0x00008de4                __hi0bits
 .text.__lo0bits
                0x00008e24       0x5c c:/nxp/lpcxpresso_8.0.0_526/lpcxpresso/tools/bin/../lib/gcc/arm-none-eabi/4.9.3/../../../../arm-none-eabi/lib/armv7-m\libc.a(lib_a-mprec.o)
                0x00008e24                __lo0bits
 .text.__i2b    0x00008e80       0x14 c:/nxp/lpcxpresso_8.0.0_526/lpcxpresso/tools/bin/../lib/gcc/arm-none-eabi/4.9.3/../../../../arm-none-eabi/lib/armv7-m\libc.a(lib_a-mprec.o)
                0x00008e80                __i2b
 .text.__multiply
                0x00008e94      0x140 c:/nxp/lpcxpresso_8.0.0_526/lpcxpresso/tools/bin/../lib/gcc/arm-none-eabi/4.9.3/../../../../arm-none-eabi/lib/armv7-m\libc.a(lib_a-mprec.o)
                0x00008e94                __multiply
 .text.__pow5mult
                0x00008fd4       0xa0 c:/nxp/lpcxpresso_8.0.0_526/lpcxpresso/tools/bin/../lib/gcc/arm-none-eabi/4.9.3/../../../../arm-none-eabi/lib/armv7-m\libc.a(lib_a-mprec.o)
                0x00008fd4                __pow5mult
 .text.__lshift
                0x00009074       0xb0 c:/nxp/lpcxpresso_8.0.0_526/lpcxpresso/tools/bin/../lib/gcc/arm-none-eabi/4.9.3/../../../../arm-none-eabi/lib/armv7-m\libc.a(lib_a-mprec.o)
                0x00009074                __lshift
 .text.__mcmp   0x00009124       0x48 c:/nxp/lpcxpresso_8.0.0_526/lpcxpresso/tools/bin/../lib/gcc/arm-none-eabi/4.9.3/../../../../arm-none-eabi/lib/armv7-m\libc.a(lib_a-mprec.o)
                0x00009124                __mcmp
 .text.__mdiff  0x0000916c       0xe4 c:/nxp/lpcxpresso_8.0.0_526/lpcxpresso/tools/bin/../lib/gcc/arm-none-eabi/4.9.3/../../../../arm-none-eabi/lib/armv7-m\libc.a(lib_a-mprec.o)
                0x0000916c                __mdiff
 .text.__ulp    0x00009250       0x44 c:/nxp/lpcxpresso_8.0.0_526/lpcxpresso/tools/bin/../lib/gcc/arm-none-eabi/4.9.3/../../../../arm-none-eabi/lib/armv7-m\libc.a(lib_a-mprec.o)
                0x00009250                __ulp
 .text.__b2d    0x00009294       0xd0 c:/nxp/lpcxpresso_8.0.0_526/lpcxpresso/tools/bin/../lib/gcc/arm-none-eabi/4.9.3/../../../../arm-none-eabi/lib/armv7-m\libc.a(lib_a-mprec.o)
                0x00009294                __b2d
 .text.__d2b    0x00009364       0xa8 c:/nxp/lpcxpresso_8.0.0_526/lpcxpresso/tools/bin/../lib/gcc/arm-none-eabi/4.9.3/../../../../arm-none-eabi/lib/armv7-m\libc.a(lib_a-mprec.o)
                0x00009364                __d2b
 .text.__ratio  0x0000940c       0x58 c:/nxp/lpcxpresso_8.0.0_526/lpcxpresso/tools/bin/../lib/gcc/arm-none-eabi/4.9.3/../../../../arm-none-eabi/lib/armv7-m\libc.a(lib_a-mprec.o)
                0x0000940c                __ratio
 .text.__copybits
                0x00009464       0x48 c:/nxp/lpcxpresso_8.0.0_526/lpcxpresso/tools/bin/../lib/gcc/arm-none-eabi/4.9.3/../../../../arm-none-eabi/lib/armv7-m\libc.a(lib_a-mprec.o)
                0x00009464                __copybits
 .text.__any_on
                0x000094ac       0x5c c:/nxp/lpcxpresso_8.0.0_526/lpcxpresso/tools/bin/../lib/gcc/arm-none-eabi/4.9.3/../../../../arm-none-eabi/lib/armv7-m\libc.a(lib_a-mprec.o)
                0x000094ac                __any_on
 .text._read_r  0x00009508       0x28 c:/nxp/lpcxpresso_8.0.0_526/lpcxpresso/tools/bin/../lib/gcc/arm-none-eabi/4.9.3/../../../../arm-none-eabi/lib/armv7-m\libc.a(lib_a-readr.o)
                0x00009508                _read_r
 .text.__fpclassifyd
                0x00009530       0x58 c:/nxp/lpcxpresso_8.0.0_526/lpcxpresso/tools/bin/../lib/gcc/arm-none-eabi/4.9.3/../../../../arm-none-eabi/lib/armv7-m\libc.a(lib_a-s_fpclassify.o)
                0x00009530                __fpclassifyd
 .text.__sccl   0x00009588       0x78 c:/nxp/lpcxpresso_8.0.0_526/lpcxpresso/tools/bin/../lib/gcc/arm-none-eabi/4.9.3/../../../../arm-none-eabi/lib/armv7-m\libc.a(lib_a-sccl.o)
                0x00009588                __sccl
 .text.nanf     0x00009600        0x8 c:/nxp/lpcxpresso_8.0.0_526/lpcxpresso/tools/bin/../lib/gcc/arm-none-eabi/4.9.3/../../../../arm-none-eabi/lib/armv7-m\libc.a(lib_a-sf_nan.o)
                0x00009600                nanf
 .text.sulp     0x00009608       0x44 c:/nxp/lpcxpresso_8.0.0_526/lpcxpresso/tools/bin/../lib/gcc/arm-none-eabi/4.9.3/../../../../arm-none-eabi/lib/armv7-m\libc.a(lib_a-strtod.o)
 *fill*         0x0000964c        0x4 
 .text._strtod_r
                0x00009650      0xf30 c:/nxp/lpcxpresso_8.0.0_526/lpcxpresso/tools/bin/../lib/gcc/arm-none-eabi/4.9.3/../../../../arm-none-eabi/lib/armv7-m\libc.a(lib_a-strtod.o)
                0x00009650                _strtod_r
 .text._strtol_r
                0x0000a580      0x11c c:/nxp/lpcxpresso_8.0.0_526/lpcxpresso/tools/bin/../lib/gcc/arm-none-eabi/4.9.3/../../../../arm-none-eabi/lib/armv7-m\libc.a(lib_a-strtol.o)
                0x0000a580                _strtol_r
 .text._strtoll_r
                0x0000a69c      0x1cc c:/nxp/lpcxpresso_8.0.0_526/lpcxpresso/tools/bin/../lib/gcc/arm-none-eabi/4.9.3/../../../../arm-none-eabi/lib/armv7-m\libc.a(lib_a-strtoll_r.o)
                0x0000a69c                _strtoll_r
 .text._strtoul_r
                0x0000a868      0x134 c:/nxp/lpcxpresso_8.0.0_526/lpcxpresso/tools/bin/../lib/gcc/arm-none-eabi/4.9.3/../../../../arm-none-eabi/lib/armv7-m\libc.a(lib_a-strtoul.o)
                0x0000a868                _strtoul_r
 .text._strtoull_r
                0x0000a99c      0x1e8 c:/nxp/lpcxpresso_8.0.0_526/lpcxpresso/tools/bin/../lib/gcc/arm-none-eabi/4.9.3/../../../../arm-none-eabi/lib/armv7-m\libc.a(lib_a-strtoull_r.o)
                0x0000a99c                _strtoull_r
 .text.__ssprint_r
                0x0000ab84      0x104 c:/nxp/lpcxpresso_8.0.0_526/lpcxpresso/tools/bin/../lib/gcc/arm-none-eabi/4.9.3/../../../../arm-none-eabi/lib/armv7-m\libc.a(lib_a-svfiprintf.o)
                0x0000ab84                __ssprint_r
 .text._sungetc_r
                0x0000ac88       0x88 c:/nxp/lpcxpresso_8.0.0_526/lpcxpresso/tools/bin/../lib/gcc/arm-none-eabi/4.9.3/../../../../arm-none-eabi/lib/armv7-m\libc.a(lib_a-svfiscanf.o)
                0x0000ac88                _sungetc_r
 .text.__ssrefill_r
                0x0000ad10       0x3c c:/nxp/lpcxpresso_8.0.0_526/lpcxpresso/tools/bin/../lib/gcc/arm-none-eabi/4.9.3/../../../../arm-none-eabi/lib/armv7-m\libc.a(lib_a-svfiscanf.o)
                0x0000ad10                __ssrefill_r
 .text._sfread_r
                0x0000ad4c       0x80 c:/nxp/lpcxpresso_8.0.0_526/lpcxpresso/tools/bin/../lib/gcc/arm-none-eabi/4.9.3/../../../../arm-none-eabi/lib/armv7-m\libc.a(lib_a-svfiscanf.o)
                0x0000ad4c                _sfread_r
 .text.__submore
                0x0000adcc       0x7c c:/nxp/lpcxpresso_8.0.0_526/lpcxpresso/tools/bin/../lib/gcc/arm-none-eabi/4.9.3/../../../../arm-none-eabi/lib/armv7-m\libc.a(lib_a-ungetc.o)
                0x0000adcc                __submore
 .text.__sprint_r.part.0
                0x0000ae48       0x78 c:/nxp/lpcxpresso_8.0.0_526/lpcxpresso/tools/bin/../lib/gcc/arm-none-eabi/4.9.3/../../../../arm-none-eabi/lib/armv7-m\libc.a(lib_a-vfiprintf.o)
 .text.__sprint_r
                0x0000aec0       0x18 c:/nxp/lpcxpresso_8.0.0_526/lpcxpresso/tools/bin/../lib/gcc/arm-none-eabi/4.9.3/../../../../arm-none-eabi/lib/armv7-m\libc.a(lib_a-vfiprintf.o)
                0x0000aec0                __sprint_r
 .text._calloc_r
                0x0000aed8       0x60 c:/nxp/lpcxpresso_8.0.0_526/lpcxpresso/tools/bin/../lib/gcc/arm-none-eabi/4.9.3/../../../../arm-none-eabi/lib/armv7-m\libc.a(lib_a-callocr.o)
                0x0000aed8                _calloc_r
 .text.__fputwc
                0x0000af38       0xb0 c:/nxp/lpcxpresso_8.0.0_526/lpcxpresso/tools/bin/../lib/gcc/arm-none-eabi/4.9.3/../../../../arm-none-eabi/lib/armv7-m\libc.a(lib_a-fputwc.o)
                0x0000af38                __fputwc
 .text._fputwc_r
                0x0000afe8       0x24 c:/nxp/lpcxpresso_8.0.0_526/lpcxpresso/tools/bin/../lib/gcc/arm-none-eabi/4.9.3/../../../../arm-none-eabi/lib/armv7-m\libc.a(lib_a-fputwc.o)
                0x0000afe8                _fputwc_r
 .text.rshift   0x0000b00c       0xa0 c:/nxp/lpcxpresso_8.0.0_526/lpcxpresso/tools/bin/../lib/gcc/arm-none-eabi/4.9.3/../../../../arm-none-eabi/lib/armv7-m\libc.a(lib_a-gdtoa-gethex.o)
 .text.__gethex
                0x0000b0ac      0x514 c:/nxp/lpcxpresso_8.0.0_526/lpcxpresso/tools/bin/../lib/gcc/arm-none-eabi/4.9.3/../../../../arm-none-eabi/lib/armv7-m\libc.a(lib_a-gdtoa-gethex.o)
                0x0000b0ac                __gethex
 .text.__hexnan
                0x0000b5c0      0x184 c:/nxp/lpcxpresso_8.0.0_526/lpcxpresso/tools/bin/../lib/gcc/arm-none-eabi/4.9.3/../../../../arm-none-eabi/lib/armv7-m\libc.a(lib_a-gdtoa-hexnan.o)
                0x0000b5c0                __hexnan
 .text._wcrtomb_r
                0x0000b744       0x54 c:/nxp/lpcxpresso_8.0.0_526/lpcxpresso/tools/bin/../lib/gcc/arm-none-eabi/4.9.3/../../../../arm-none-eabi/lib/armv7-m\libc.a(lib_a-wcrtomb.o)
                0x0000b744                _wcrtomb_r
 .text.__ascii_wctomb
                0x0000b798       0x1c c:/nxp/lpcxpresso_8.0.0_526/lpcxpresso/tools/bin/../lib/gcc/arm-none-eabi/4.9.3/../../../../arm-none-eabi/lib/armv7-m\libc.a(lib_a-wctomb_r.o)
                0x0000b798                __ascii_wctomb
 .text._sbrk    0x0000b7b4       0x3c c:/nxp/lpcxpresso_8.0.0_526/lpcxpresso/tools/bin/../lib/gcc/arm-none-eabi/4.9.3/../../../../arm-none-eabi/lib/armv7-m\libcr_newlib_nohost.a(_cr_sbrk.o)
                0x0000b7b4                _sbrk
 .text.__check_heap_overflow
                0x0000b7f0       0x18 c:/nxp/lpcxpresso_8.0.0_526/lpcxpresso/tools/bin/../lib/gcc/arm-none-eabi/4.9.3/../../../../arm-none-eabi/lib/armv7-m\libcr_newlib_nohost.a(_cr_check_heap.o)
                0x0000b7f0                __check_heap_overflow
 .text          0x0000b808       0x5c c:/nxp/lpcxpresso_8.0.0_526/lpcxpresso/tools/bin/../lib/gcc/arm-none-eabi/4.9.3/armv7-m\crtbegin.o
 .text          0x0000b864      0x370 c:/nxp/lpcxpresso_8.0.0_526/lpcxpresso/tools/bin/../lib/gcc/arm-none-eabi/4.9.3/armv7-m\libgcc.a(_arm_addsubdf3.o)
                0x0000b864                __aeabi_drsub
                0x0000b86c                __aeabi_dsub
                0x0000b86c                __subdf3
                0x0000b870                __aeabi_dadd
                0x0000b870                __adddf3
                0x0000bae8                __floatunsidf
                0x0000bae8                __aeabi_ui2d
                0x0000bb08                __floatsidf
                0x0000bb08                __aeabi_i2d
                0x0000bb2c                __aeabi_f2d
                0x0000bb2c                __extendsfdf2
                0x0000bb68                __floatundidf
                0x0000bb68                __aeabi_ul2d
                0x0000bb78                __floatdidf
                0x0000bb78                __aeabi_l2d
 .text          0x0000bbd4      0x424 c:/nxp/lpcxpresso_8.0.0_526/lpcxpresso/tools/bin/../lib/gcc/arm-none-eabi/4.9.3/armv7-m\libgcc.a(_arm_muldivdf3.o)
                0x0000bbd4                __aeabi_dmul
                0x0000bbd4                __muldf3
                0x0000be28                __divdf3
                0x0000be28                __aeabi_ddiv
 .text          0x0000bff8      0x110 c:/nxp/lpcxpresso_8.0.0_526/lpcxpresso/tools/bin/../lib/gcc/arm-none-eabi/4.9.3/armv7-m\libgcc.a(_arm_cmpdf2.o)
                0x0000bff8                __gtdf2
                0x0000bff8                __gedf2
                0x0000c000                __ltdf2
                0x0000c000                __ledf2
                0x0000c008                __nedf2
                0x0000c008                __eqdf2
                0x0000c008                __cmpdf2
                0x0000c084                __aeabi_cdrcmple
                0x0000c094                __aeabi_cdcmpeq
                0x0000c094                __aeabi_cdcmple
                0x0000c0a4                __aeabi_dcmpeq
                0x0000c0b8                __aeabi_dcmplt
                0x0000c0cc                __aeabi_dcmple
                0x0000c0e0                __aeabi_dcmpge
                0x0000c0f4                __aeabi_dcmpgt
 .text          0x0000c108       0x50 c:/nxp/lpcxpresso_8.0.0_526/lpcxpresso/tools/bin/../lib/gcc/arm-none-eabi/4.9.3/armv7-m\libgcc.a(_arm_fixdfsi.o)
                0x0000c108                __aeabi_d2iz
                0x0000c108                __fixdfsi
 .text          0x0000c158       0x40 c:/nxp/lpcxpresso_8.0.0_526/lpcxpresso/tools/bin/../lib/gcc/arm-none-eabi/4.9.3/armv7-m\libgcc.a(_arm_fixunsdfsi.o)
                0x0000c158                __aeabi_d2uiz
                0x0000c158                __fixunsdfsi
 .text          0x0000c198       0xa0 c:/nxp/lpcxpresso_8.0.0_526/lpcxpresso/tools/bin/../lib/gcc/arm-none-eabi/4.9.3/armv7-m\libgcc.a(_arm_truncdfsf2.o)
                0x0000c198                __truncdfsf2
                0x0000c198                __aeabi_d2f
 *(.rodata .rodata.*)
 .rodata        0x0000c238       0x7c ./main.o
 *fill*         0x0000c2b4        0x4 
 .rodata._ZTVN4mbed10SerialBaseE
                0x0000c2b8       0x10 ./main.o
                0x0000c2b8                vtable for mbed::SerialBase
 .rodata.str1.4
                0x0000c2c8       0x85 D:/_Embedded/_mbed/mbed_timer/mbed/TARGET_LPC1768/TOOLCHAIN_GCC_CR/board.o
                                 0x88 (size before relaxing)
 *fill*         0x0000c34d        0x3 
 .rodata.__stdin_name
                0x0000c350        0x8 D:/_Embedded/_mbed/mbed_timer/mbed/TARGET_LPC1768/TOOLCHAIN_GCC_CR/retarget.o
                0x0000c350                __stdin_name
 .rodata.__stderr_name
                0x0000c358        0x8 D:/_Embedded/_mbed/mbed_timer/mbed/TARGET_LPC1768/TOOLCHAIN_GCC_CR/retarget.o
                0x0000c358                __stderr_name
 .rodata.__stdout_name
                0x0000c360        0x8 D:/_Embedded/_mbed/mbed_timer/mbed/TARGET_LPC1768/TOOLCHAIN_GCC_CR/retarget.o
                0x0000c360                __stdout_name
 .rodata._ZTVN4mbed10FileHandleE
                0x0000c368       0x30 D:/_Embedded/_mbed/mbed_timer/mbed/TARGET_LPC1768/TOOLCHAIN_GCC_CR/retarget.o
                0x0000c368                vtable for mbed::FileHandle
 .rodata.str1.4
                0x0000c398        0xe D:/_Embedded/_mbed/mbed_timer/mbed/TARGET_LPC1768/TOOLCHAIN_GCC_CR/retarget.o
                                 0x10 (size before relaxing)
 *fill*         0x0000c3a6        0x2 
 .rodata.PinMap_UART_RTS
                0x0000c3a8       0x24 D:\_Embedded\_mbed\mbed_timer\mbed\TARGET_LPC1768\TOOLCHAIN_GCC_CR\libmbed.a(serial_api.o)
 .rodata.CSWTCH.24
                0x0000c3cc       0x10 D:\_Embedded\_mbed\mbed_timer\mbed\TARGET_LPC1768\TOOLCHAIN_GCC_CR\libmbed.a(serial_api.o)
 .rodata.PinMap_UART_RX
                0x0000c3dc       0x6c D:\_Embedded\_mbed\mbed_timer\mbed\TARGET_LPC1768\TOOLCHAIN_GCC_CR\libmbed.a(serial_api.o)
 .rodata.str1.4
                0x0000c448      0x160 D:\_Embedded\_mbed\mbed_timer\mbed\TARGET_LPC1768\TOOLCHAIN_GCC_CR\libmbed.a(serial_api.o)
 .rodata.PinMap_UART_TX
                0x0000c5a8       0x6c D:\_Embedded\_mbed\mbed_timer\mbed\TARGET_LPC1768\TOOLCHAIN_GCC_CR\libmbed.a(serial_api.o)
 .rodata.PinMap_UART_CTS
                0x0000c614       0x24 D:\_Embedded\_mbed\mbed_timer\mbed\TARGET_LPC1768\TOOLCHAIN_GCC_CR\libmbed.a(serial_api.o)
 .rodata._ZTVN4mbed6SerialE
                0x0000c638       0x60 D:\_Embedded\_mbed\mbed_timer\mbed\TARGET_LPC1768\TOOLCHAIN_GCC_CR\libmbed.a(Serial.o)
                0x0000c638                vtable for mbed::Serial
 .rodata._ZTVN4mbed6StreamE
                0x0000c698       0x48 D:\_Embedded\_mbed\mbed_timer\mbed\TARGET_LPC1768\TOOLCHAIN_GCC_CR\libmbed.a(Stream.o)
                0x0000c698                vtable for mbed::Stream
 .rodata.str1.4
                0x0000c6e0        0x3 D:\_Embedded\_mbed\mbed_timer\mbed\TARGET_LPC1768\TOOLCHAIN_GCC_CR\libmbed.a(Stream.o)
                                  0x8 (size before relaxing)
 *fill*         0x0000c6e3        0x1 
 .rodata.str1.4
                0x0000c6e4       0x31 D:\_Embedded\_mbed\mbed_timer\mbed\TARGET_LPC1768\TOOLCHAIN_GCC_CR\libmbed.a(assert.o)
                                 0x34 (size before relaxing)
 .rodata.str1.4
                0x00000000       0x88 D:\_Embedded\_mbed\mbed_timer\mbed\TARGET_LPC1768\TOOLCHAIN_GCC_CR\libmbed.a(gpio.o)
 *fill*         0x0000c715        0x3 
 .rodata.str1.4
                0x0000c718       0x66 D:\_Embedded\_mbed\mbed_timer\mbed\TARGET_LPC1768\TOOLCHAIN_GCC_CR\libmbed.a(pinmap_common.o)
                                 0x68 (size before relaxing)
 *fill*         0x0000c77e        0x2 
 .rodata.us_interface
                0x0000c780       0x14 D:\_Embedded\_mbed\mbed_timer\mbed\TARGET_LPC1768\TOOLCHAIN_GCC_CR\libmbed.a(us_ticker_api.o)
 .rodata.us_data
                0x0000c794        0x8 D:\_Embedded\_mbed\mbed_timer\mbed\TARGET_LPC1768\TOOLCHAIN_GCC_CR\libmbed.a(us_ticker_api.o)
 .rodata.str1.4
                0x0000c79c       0x73 D:\_Embedded\_mbed\mbed_timer\mbed\TARGET_LPC1768\TOOLCHAIN_GCC_CR\libmbed.a(gpio_api.o)
                                 0x8c (size before relaxing)
 *fill*         0x0000c80f        0x1 
 .rodata.str1.4
                0x0000c810       0x5d D:\_Embedded\_mbed\mbed_timer\mbed\TARGET_LPC1768\TOOLCHAIN_GCC_CR\libmbed.a(pinmap.o)
                                 0x74 (size before relaxing)
 *fill*         0x0000c86d        0x3 
 .rodata._ZTVN4mbed8FileBaseE
                0x0000c870       0x10 D:\_Embedded\_mbed\mbed_timer\mbed\TARGET_LPC1768\TOOLCHAIN_GCC_CR\libmbed.a(FileBase.o)
                0x0000c870                vtable for mbed::FileBase
 .rodata._ZTVN4mbed8FileLikeE
                0x0000c880       0x40 D:\_Embedded\_mbed\mbed_timer\mbed\TARGET_LPC1768\TOOLCHAIN_GCC_CR\libmbed.a(FileLike.o)
                0x0000c880                vtable for mbed::FileLike
 .rodata.str1.4
                0x0000c8c0        0x2 c:/nxp/lpcxpresso_8.0.0_526/lpcxpresso/tools/bin/../lib/gcc/arm-none-eabi/4.9.3/../../../../arm-none-eabi/lib/armv7-m\libc.a(lib_a-impure.o)
 *fill*         0x0000c8c2        0x2 
 .rodata._global_impure_ptr
                0x0000c8c4        0x4 c:/nxp/lpcxpresso_8.0.0_526/lpcxpresso/tools/bin/../lib/gcc/arm-none-eabi/4.9.3/../../../../arm-none-eabi/lib/armv7-m\libc.a(lib_a-impure.o)
                0x0000c8c4                _global_impure_ptr
 .rodata.zeroes.6911
                0x0000c8c8       0x10 c:/nxp/lpcxpresso_8.0.0_526/lpcxpresso/tools/bin/../lib/gcc/arm-none-eabi/4.9.3/../../../../arm-none-eabi/lib/armv7-m\libc.a(lib_a-svfprintf.o)
 .rodata.blanks.6910
                0x0000c8d8       0x10 c:/nxp/lpcxpresso_8.0.0_526/lpcxpresso/tools/bin/../lib/gcc/arm-none-eabi/4.9.3/../../../../arm-none-eabi/lib/armv7-m\libc.a(lib_a-svfprintf.o)
 .rodata.str1.4
                0x0000c8e8       0x42 c:/nxp/lpcxpresso_8.0.0_526/lpcxpresso/tools/bin/../lib/gcc/arm-none-eabi/4.9.3/../../../../arm-none-eabi/lib/armv7-m\libc.a(lib_a-svfprintf.o)
 *fill*         0x0000c92a        0x2 
 .rodata.str1.4
                0x0000c92c        0x5 c:/nxp/lpcxpresso_8.0.0_526/lpcxpresso/tools/bin/../lib/gcc/arm-none-eabi/4.9.3/../../../../arm-none-eabi/lib/armv7-m\libc.a(lib_a-svfscanf.o)
 *fill*         0x0000c931        0x3 
 .rodata.basefix.6862
                0x0000c934       0x22 c:/nxp/lpcxpresso_8.0.0_526/lpcxpresso/tools/bin/../lib/gcc/arm-none-eabi/4.9.3/../../../../arm-none-eabi/lib/armv7-m\libc.a(lib_a-svfscanf.o)
 *fill*         0x0000c956        0x2 
 .rodata.zeroes.6926
                0x0000c958       0x10 c:/nxp/lpcxpresso_8.0.0_526/lpcxpresso/tools/bin/../lib/gcc/arm-none-eabi/4.9.3/../../../../arm-none-eabi/lib/armv7-m\libc.a(lib_a-vfprintf.o)
 .rodata.str1.4
                0x00000000       0x42 c:/nxp/lpcxpresso_8.0.0_526/lpcxpresso/tools/bin/../lib/gcc/arm-none-eabi/4.9.3/../../../../arm-none-eabi/lib/armv7-m\libc.a(lib_a-vfprintf.o)
 .rodata.blanks.6925
                0x0000c968       0x10 c:/nxp/lpcxpresso_8.0.0_526/lpcxpresso/tools/bin/../lib/gcc/arm-none-eabi/4.9.3/../../../../arm-none-eabi/lib/armv7-m\libc.a(lib_a-vfprintf.o)
 .rodata._ctype_
                0x0000c978      0x101 c:/nxp/lpcxpresso_8.0.0_526/lpcxpresso/tools/bin/../lib/gcc/arm-none-eabi/4.9.3/../../../../arm-none-eabi/lib/armv7-m\libc.a(lib_a-ctype_.o)
                0x0000c978                _ctype_
 *fill*         0x0000ca79        0x3 
 .rodata.str1.4
                0x0000ca7c       0x10 c:/nxp/lpcxpresso_8.0.0_526/lpcxpresso/tools/bin/../lib/gcc/arm-none-eabi/4.9.3/../../../../arm-none-eabi/lib/armv7-m\libc.a(lib_a-dtoa.o)
                                 0x12 (size before relaxing)
 .rodata.str1.4
                0x0000ca8c        0xa c:/nxp/lpcxpresso_8.0.0_526/lpcxpresso/tools/bin/../lib/gcc/arm-none-eabi/4.9.3/../../../../arm-none-eabi/lib/armv7-m\libc.a(lib_a-locale.o)
                                 0x12 (size before relaxing)
 .rodata.str1.4
                0x00000000        0x1 c:/nxp/lpcxpresso_8.0.0_526/lpcxpresso/tools/bin/../lib/gcc/arm-none-eabi/4.9.3/../../../../arm-none-eabi/lib/armv7-m\libc.a(lib_a-mbrtowc.o)
 *fill*         0x0000ca96        0x2 
 .rodata.__mprec_tens
                0x0000ca98       0xc8 c:/nxp/lpcxpresso_8.0.0_526/lpcxpresso/tools/bin/../lib/gcc/arm-none-eabi/4.9.3/../../../../arm-none-eabi/lib/armv7-m\libc.a(lib_a-mprec.o)
                0x0000ca98                __mprec_tens
 .rodata.p05.5302
                0x0000cb60        0xc c:/nxp/lpcxpresso_8.0.0_526/lpcxpresso/tools/bin/../lib/gcc/arm-none-eabi/4.9.3/../../../../arm-none-eabi/lib/armv7-m\libc.a(lib_a-mprec.o)
 *fill*         0x0000cb6c        0x4 
 .rodata.__mprec_bigtens
                0x0000cb70       0x28 c:/nxp/lpcxpresso_8.0.0_526/lpcxpresso/tools/bin/../lib/gcc/arm-none-eabi/4.9.3/../../../../arm-none-eabi/lib/armv7-m\libc.a(lib_a-mprec.o)
                0x0000cb70                __mprec_bigtens
 .rodata.tinytens
                0x0000cb98       0x28 c:/nxp/lpcxpresso_8.0.0_526/lpcxpresso/tools/bin/../lib/gcc/arm-none-eabi/4.9.3/../../../../arm-none-eabi/lib/armv7-m\libc.a(lib_a-strtod.o)
 .rodata.fpinan.5307
                0x0000cbc0       0x14 c:/nxp/lpcxpresso_8.0.0_526/lpcxpresso/tools/bin/../lib/gcc/arm-none-eabi/4.9.3/../../../../arm-none-eabi/lib/armv7-m\libc.a(lib_a-strtod.o)
 .rodata.str1.4
                0x0000cbd4       0x10 c:/nxp/lpcxpresso_8.0.0_526/lpcxpresso/tools/bin/../lib/gcc/arm-none-eabi/4.9.3/../../../../arm-none-eabi/lib/armv7-m\libc.a(lib_a-strtod.o)
                                  0xf (size before relaxing)
 .rodata.fpi.5271
                0x0000cbe4       0x14 c:/nxp/lpcxpresso_8.0.0_526/lpcxpresso/tools/bin/../lib/gcc/arm-none-eabi/4.9.3/../../../../arm-none-eabi/lib/armv7-m\libc.a(lib_a-strtod.o)
 .rodata.__hexdig
                0x0000cbf8      0x100 c:/nxp/lpcxpresso_8.0.0_526/lpcxpresso/tools/bin/../lib/gcc/arm-none-eabi/4.9.3/../../../../arm-none-eabi/lib/armv7-m\libc.a(lib_a-gdtoa-gethex.o)
                0x0000cbf8                __hexdig
                0x0000ccf8                . = ALIGN (0x4)
                0x0000ccf8                . = ALIGN (0x4)
 *(.init)
 .init          0x0000ccf8        0x4 c:/nxp/lpcxpresso_8.0.0_526/lpcxpresso/tools/bin/../lib/gcc/arm-none-eabi/4.9.3/armv7-m\crti.o
                0x0000ccf8                _init
 .init          0x0000ccfc        0x8 c:/nxp/lpcxpresso_8.0.0_526/lpcxpresso/tools/bin/../lib/gcc/arm-none-eabi/4.9.3/armv7-m\crtn.o
                0x0000cd04                . = ALIGN (0x4)
                0x0000cd04                __preinit_array_start = .
 *(.preinit_array)
                0x0000cd04                __preinit_array_end = .
                0x0000cd04                . = ALIGN (0x4)
                0x0000cd04                __init_array_start = .
 *(SORT(.init_array.*))
 *(.init_array)
 .init_array    0x0000cd04        0x4 ./main.o
 .init_array    0x0000cd08        0x4 c:/nxp/lpcxpresso_8.0.0_526/lpcxpresso/tools/bin/../lib/gcc/arm-none-eabi/4.9.3/armv7-m\crtbegin.o
                0x0000cd0c                __init_array_end = .
 *(.fini)
 .fini          0x0000cd0c        0x4 c:/nxp/lpcxpresso_8.0.0_526/lpcxpresso/tools/bin/../lib/gcc/arm-none-eabi/4.9.3/armv7-m\crti.o
                0x0000cd0c                _fini
 .fini          0x0000cd10        0x8 c:/nxp/lpcxpresso_8.0.0_526/lpcxpresso/tools/bin/../lib/gcc/arm-none-eabi/4.9.3/armv7-m\crtn.o
                0x0000cd18                . = ALIGN (0x4)
 *crtbegin.o(.ctors)
 *(EXCLUDE_FILE(*crtend.o) .ctors)
 *(SORT(.ctors.*))
 *crtend.o(.ctors)
                0x0000cd18                . = ALIGN (0x4)
 *crtbegin.o(.dtors)
 *(EXCLUDE_FILE(*crtend.o) .dtors)
 *(SORT(.dtors.*))
 *crtend.o(.dtors)

.glue_7         0x0000cd18        0x0
 .glue_7        0x00000000        0x0 linker stubs

.glue_7t        0x0000cd18        0x0
 .glue_7t       0x00000000        0x0 linker stubs

.vfp11_veneer   0x0000cd18        0x0
 .vfp11_veneer  0x00000000        0x0 linker stubs

.v4_bx          0x0000cd18        0x0
 .v4_bx         0x00000000        0x0 linker stubs

.iplt           0x0000cd18        0x0
 .iplt          0x00000000        0x0 ./main.o

.ARM.extab
 *(.ARM.extab* .gnu.linkonce.armextab.*)
                0x0000cd18                __exidx_start = .

.ARM.exidx      0x0000cd18        0x8
 *(.ARM.exidx* .gnu.linkonce.armexidx.*)
 .ARM.exidx     0x0000cd18        0x8 c:/nxp/lpcxpresso_8.0.0_526/lpcxpresso/tools/bin/../lib/gcc/arm-none-eabi/4.9.3/armv7-m\libgcc.a(_divdi3.o)
 .ARM.exidx     0x0000cd20        0x0 c:/nxp/lpcxpresso_8.0.0_526/lpcxpresso/tools/bin/../lib/gcc/arm-none-eabi/4.9.3/armv7-m\libgcc.a(_udivdi3.o)
                                  0x8 (size before relaxing)
                0x0000cd20                __exidx_end = .
                0x0000cd20                _etext = .

.rel.dyn        0x0000cd20        0x0
 .rel.iplt      0x00000000        0x0 ./main.o

.eh_frame       0x0000cd20        0x0
 .eh_frame      0x0000cd20        0x0 c:/nxp/lpcxpresso_8.0.0_526/lpcxpresso/tools/bin/../lib/gcc/arm-none-eabi/4.9.3/armv7-m\crtbegin.o

.data_RAM2      0x2007c000        0x0 load address 0x0000cd20
 FILL mask 0xff
 *(.data.$RAM2*)
 *(.data.$RamAHB32*)
                0x2007c000                . = ALIGN (0x4)

.uninit_RESERVED
 *(.bss.$RESERVED*)

.data           0x100000c8      0x8b0 load address 0x0000cd20
 FILL mask 0xff
                0x100000c8                _data = .
 *(vtable)
 *(.data*)
 .data.SystemCoreClock
                0x100000c8        0x4 D:/_Embedded/_mbed/mbed_timer/mbed/TARGET_LPC1768/TOOLCHAIN_GCC_CR/system_LPC17xx.o
                0x100000c8                SystemCoreClock
 *fill*         0x100000cc        0x4 
 .data.impure_data
                0x100000d0      0x428 c:/nxp/lpcxpresso_8.0.0_526/lpcxpresso/tools/bin/../lib/gcc/arm-none-eabi/4.9.3/../../../../arm-none-eabi/lib/armv7-m\libc.a(lib_a-impure.o)
 .data._impure_ptr
                0x100004f8        0x4 c:/nxp/lpcxpresso_8.0.0_526/lpcxpresso/tools/bin/../lib/gcc/arm-none-eabi/4.9.3/../../../../arm-none-eabi/lib/armv7-m\libc.a(lib_a-impure.o)
                0x100004f8                _impure_ptr
 .data.__malloc_av_
                0x100004fc      0x408 c:/nxp/lpcxpresso_8.0.0_526/lpcxpresso/tools/bin/../lib/gcc/arm-none-eabi/4.9.3/../../../../arm-none-eabi/lib/armv7-m\libc.a(lib_a-mallocr.o)
                0x100004fc                __malloc_av_
 .data.__malloc_trim_threshold
                0x10000904        0x4 c:/nxp/lpcxpresso_8.0.0_526/lpcxpresso/tools/bin/../lib/gcc/arm-none-eabi/4.9.3/../../../../arm-none-eabi/lib/armv7-m\libc.a(lib_a-mallocr.o)
                0x10000904                __malloc_trim_threshold
 .data.__malloc_sbrk_base
                0x10000908        0x4 c:/nxp/lpcxpresso_8.0.0_526/lpcxpresso/tools/bin/../lib/gcc/arm-none-eabi/4.9.3/../../../../arm-none-eabi/lib/armv7-m\libc.a(lib_a-mallocr.o)
                0x10000908                __malloc_sbrk_base
 .data.__ctype_ptr__
                0x1000090c        0x4 c:/nxp/lpcxpresso_8.0.0_526/lpcxpresso/tools/bin/../lib/gcc/arm-none-eabi/4.9.3/../../../../arm-none-eabi/lib/armv7-m\libc.a(lib_a-ctype_.o)
                0x1000090c                __ctype_ptr__
 .data.lconv    0x10000910       0x38 c:/nxp/lpcxpresso_8.0.0_526/lpcxpresso/tools/bin/../lib/gcc/arm-none-eabi/4.9.3/../../../../arm-none-eabi/lib/armv7-m\libc.a(lib_a-locale.o)
 .data.lc_ctype_charset
                0x10000948       0x20 c:/nxp/lpcxpresso_8.0.0_526/lpcxpresso/tools/bin/../lib/gcc/arm-none-eabi/4.9.3/../../../../arm-none-eabi/lib/armv7-m\libc.a(lib_a-locale.o)
 .data.__mb_cur_max
                0x10000968        0x4 c:/nxp/lpcxpresso_8.0.0_526/lpcxpresso/tools/bin/../lib/gcc/arm-none-eabi/4.9.3/../../../../arm-none-eabi/lib/armv7-m\libc.a(lib_a-locale.o)
                0x10000968                __mb_cur_max
 .data.__mbtowc
                0x1000096c        0x4 c:/nxp/lpcxpresso_8.0.0_526/lpcxpresso/tools/bin/../lib/gcc/arm-none-eabi/4.9.3/../../../../arm-none-eabi/lib/armv7-m\libc.a(lib_a-mbtowc_r.o)
                0x1000096c                __mbtowc
 .data.__wctomb
                0x10000970        0x4 c:/nxp/lpcxpresso_8.0.0_526/lpcxpresso/tools/bin/../lib/gcc/arm-none-eabi/4.9.3/../../../../arm-none-eabi/lib/armv7-m\libc.a(lib_a-wctomb_r.o)
                0x10000970                __wctomb
 .data          0x10000974        0x4 c:/nxp/lpcxpresso_8.0.0_526/lpcxpresso/tools/bin/../lib/gcc/arm-none-eabi/4.9.3/armv7-m\crtbegin.o
                0x10000974                __dso_handle
                0x10000978                . = ALIGN (0x4)
                0x10000978                _edata = .

.igot.plt       0x10000978        0x0 load address 0x0000d5d0
 .igot.plt      0x00000000        0x0 ./main.o

.jcr            0x10000978        0x0 load address 0x0000d5d0
 .jcr           0x10000978        0x0 c:/nxp/lpcxpresso_8.0.0_526/lpcxpresso/tools/bin/../lib/gcc/arm-none-eabi/4.9.3/armv7-m\crtbegin.o

.bss_RAM2       0x2007c000        0x0
 *(.bss.$RAM2*)
 *(.bss.$RamAHB32*)
 *(AHBSRAM0)
                0x2007c000                . = ALIGN (0x4)

.bss_RAM3       0x20080000        0x0
 *(AHBSRAM1)
                0x20080000                . = ALIGN (0x4)

.bss            0x10000978      0x2d8
                0x10000978                _bss = .
 *(.bss*)
 .bss.pc        0x10000978       0x58 ./main.o
                0x10000978                pc
 .bss.btn       0x100009d0       0x18 ./main.o
                0x100009d0                btn
 .bss.t         0x100009e8       0x10 ./main.o
                0x100009e8                t
 .bss._ZL11filehandles
                0x100009f8      0x100 D:/_Embedded/_mbed/mbed_timer/mbed/TARGET_LPC1768/TOOLCHAIN_GCC_CR/retarget.o
 .bss.stdio_uart_inited
                0x10000af8        0x4 D:\_Embedded\_mbed\mbed_timer\mbed\TARGET_LPC1768\TOOLCHAIN_GCC_CR\libmbed.a(serial_api.o)
                0x10000af8                stdio_uart_inited
 .bss.irq_handler
                0x10000afc        0x4 D:\_Embedded\_mbed\mbed_timer\mbed\TARGET_LPC1768\TOOLCHAIN_GCC_CR\libmbed.a(serial_api.o)
 .bss.uart_data
                0x10000b00       0xe0 D:\_Embedded\_mbed\mbed_timer\mbed\TARGET_LPC1768\TOOLCHAIN_GCC_CR\libmbed.a(serial_api.o)
 .bss.events    0x10000be0        0x8 D:\_Embedded\_mbed\mbed_timer\mbed\TARGET_LPC1768\TOOLCHAIN_GCC_CR\libmbed.a(us_ticker_api.o)
 .bss.us_ticker_inited
                0x10000be8        0x4 D:\_Embedded\_mbed\mbed_timer\mbed\TARGET_LPC1768\TOOLCHAIN_GCC_CR\libmbed.a(us_ticker.o)
                0x10000be8                us_ticker_inited
 .bss._ZN4mbed8FileBase5_headE
                0x10000bec        0x4 D:\_Embedded\_mbed\mbed_timer\mbed\TARGET_LPC1768\TOOLCHAIN_GCC_CR\libmbed.a(FileBase.o)
                0x10000bec                mbed::FileBase::_head
 .bss.__malloc_max_total_mem
                0x10000bf0        0x4 c:/nxp/lpcxpresso_8.0.0_526/lpcxpresso/tools/bin/../lib/gcc/arm-none-eabi/4.9.3/../../../../arm-none-eabi/lib/armv7-m\libc.a(lib_a-mallocr.o)
                0x10000bf0                __malloc_max_total_mem
 .bss.__malloc_max_sbrked_mem
                0x10000bf4        0x4 c:/nxp/lpcxpresso_8.0.0_526/lpcxpresso/tools/bin/../lib/gcc/arm-none-eabi/4.9.3/../../../../arm-none-eabi/lib/armv7-m\libc.a(lib_a-mallocr.o)
                0x10000bf4                __malloc_max_sbrked_mem
 .bss.__malloc_top_pad
                0x10000bf8        0x4 c:/nxp/lpcxpresso_8.0.0_526/lpcxpresso/tools/bin/../lib/gcc/arm-none-eabi/4.9.3/../../../../arm-none-eabi/lib/armv7-m\libc.a(lib_a-mallocr.o)
                0x10000bf8                __malloc_top_pad
 .bss.__malloc_current_mallinfo
                0x10000bfc       0x28 c:/nxp/lpcxpresso_8.0.0_526/lpcxpresso/tools/bin/../lib/gcc/arm-none-eabi/4.9.3/../../../../arm-none-eabi/lib/armv7-m\libc.a(lib_a-mallocr.o)
                0x10000bfc                __malloc_current_mallinfo
 .bss           0x10000c24       0x1c c:/nxp/lpcxpresso_8.0.0_526/lpcxpresso/tools/bin/../lib/gcc/arm-none-eabi/4.9.3/armv7-m\crtbegin.o
 *(COMMON)
 COMMON         0x10000c40        0x8 D:\_Embedded\_mbed\mbed_timer\mbed\TARGET_LPC1768\TOOLCHAIN_GCC_CR\libmbed.a(serial_api.o)
                0x10000c40                stdio_uart
 COMMON         0x10000c48        0x4 c:/nxp/lpcxpresso_8.0.0_526/lpcxpresso/tools/bin/../lib/gcc/arm-none-eabi/4.9.3/../../../../arm-none-eabi/lib/armv7-m\libc.a(lib_a-reent.o)
                0x10000c48                errno
 COMMON         0x10000c4c        0x4 c:/nxp/lpcxpresso_8.0.0_526/lpcxpresso/tools/bin/../lib/gcc/arm-none-eabi/4.9.3/../../../../arm-none-eabi/lib/armv7-m\libcr_newlib_nohost.a(_cr_sbrk.o)
                0x10000c4c                __end_of_heap
                0x10000c50                . = ALIGN (0x4)
                0x10000c50                _ebss = .
                0x10000c50                PROVIDE (end, .)
                0x10000c50                __end__ = .
                0x10000c50                PROVIDE (_pvHeapStart, .)
                0x10008000                PROVIDE (_vStackTop, (__top_RamLoc32 - 0x0))
OUTPUT(mbed_timer.axf elf32-littlearm)

.debug_info     0x00000000     0x2c89
 .debug_info    0x00000000     0x2af2 ./main.o
 .debug_info    0x00002af2      0x12d c:/nxp/lpcxpresso_8.0.0_526/lpcxpresso/tools/bin/../lib/gcc/arm-none-eabi/4.9.3/../../../../arm-none-eabi/lib/armv7-m\libcr_newlib_nohost.a(_cr_sbrk.o)
 .debug_info    0x00002c1f       0x6a c:/nxp/lpcxpresso_8.0.0_526/lpcxpresso/tools/bin/../lib/gcc/arm-none-eabi/4.9.3/../../../../arm-none-eabi/lib/armv7-m\libcr_newlib_nohost.a(_cr_check_heap.o)

.debug_abbrev   0x00000000      0x638
 .debug_abbrev  0x00000000      0x4e0 ./main.o
 .debug_abbrev  0x000004e0       0xf6 c:/nxp/lpcxpresso_8.0.0_526/lpcxpresso/tools/bin/../lib/gcc/arm-none-eabi/4.9.3/../../../../arm-none-eabi/lib/armv7-m\libcr_newlib_nohost.a(_cr_sbrk.o)
 .debug_abbrev  0x000005d6       0x62 c:/nxp/lpcxpresso_8.0.0_526/lpcxpresso/tools/bin/../lib/gcc/arm-none-eabi/4.9.3/../../../../arm-none-eabi/lib/armv7-m\libcr_newlib_nohost.a(_cr_check_heap.o)

.debug_aranges  0x00000000       0xd0
 .debug_aranges
                0x00000000       0x90 ./main.o
 .debug_aranges
                0x00000090       0x20 c:/nxp/lpcxpresso_8.0.0_526/lpcxpresso/tools/bin/../lib/gcc/arm-none-eabi/4.9.3/../../../../arm-none-eabi/lib/armv7-m\libcr_newlib_nohost.a(_cr_sbrk.o)
 .debug_aranges
                0x000000b0       0x20 c:/nxp/lpcxpresso_8.0.0_526/lpcxpresso/tools/bin/../lib/gcc/arm-none-eabi/4.9.3/../../../../arm-none-eabi/lib/armv7-m\libcr_newlib_nohost.a(_cr_check_heap.o)

.debug_ranges   0x00000000       0xa0
 .debug_ranges  0x00000000       0x80 ./main.o
 .debug_ranges  0x00000080       0x10 c:/nxp/lpcxpresso_8.0.0_526/lpcxpresso/tools/bin/../lib/gcc/arm-none-eabi/4.9.3/../../../../arm-none-eabi/lib/armv7-m\libcr_newlib_nohost.a(_cr_sbrk.o)
 .debug_ranges  0x00000090       0x10 c:/nxp/lpcxpresso_8.0.0_526/lpcxpresso/tools/bin/../lib/gcc/arm-none-eabi/4.9.3/../../../../arm-none-eabi/lib/armv7-m\libcr_newlib_nohost.a(_cr_check_heap.o)

.debug_macro    0x00000000     0x3b44
 .debug_macro   0x00000000      0x54c ./main.o
 .debug_macro   0x0000054c      0x8e6 ./main.o
 .debug_macro   0x00000e32       0x10 ./main.o
 .debug_macro   0x00000e42       0x10 ./main.o
 .debug_macro   0x00000e52       0x9a ./main.o
 .debug_macro   0x00000eec       0x1c ./main.o
 .debug_macro   0x00000f08       0x3a ./main.o
 .debug_macro   0x00000f42       0x22 ./main.o
 .debug_macro   0x00000f64       0x44 ./main.o
 .debug_macro   0x00000fa8       0xe3 ./main.o
 .debug_macro   0x0000108b       0x22 ./main.o
 .debug_macro   0x000010ad      0x1df ./main.o
 .debug_macro   0x0000128c       0x34 ./main.o
 .debug_macro   0x000012c0      0xc91 ./main.o
 .debug_macro   0x00001f51      0x2c7 ./main.o
 .debug_macro   0x00002218       0x10 ./main.o
 .debug_macro   0x00002228       0x17 ./main.o
 .debug_macro   0x0000223f       0x9a ./main.o
 .debug_macro   0x000022d9       0x10 ./main.o
 .debug_macro   0x000022e9       0xef ./main.o
 .debug_macro   0x000023d8      0x337 ./main.o
 .debug_macro   0x0000270f      0x166 ./main.o
 .debug_macro   0x00002875       0x58 ./main.o
 .debug_macro   0x000028cd       0x35 ./main.o
 .debug_macro   0x00002902       0x9c ./main.o
 .debug_macro   0x0000299e       0x16 ./main.o
 .debug_macro   0x000029b4       0x35 ./main.o
 .debug_macro   0x000029e9       0x52 ./main.o
 .debug_macro   0x00002a3b       0x16 ./main.o
 .debug_macro   0x00002a51       0x43 ./main.o
 .debug_macro   0x00002a94      0x180 ./main.o
 .debug_macro   0x00002c14      0x2b2 ./main.o
 .debug_macro   0x00002ec6       0x16 ./main.o
 .debug_macro   0x00002edc       0x29 ./main.o
 .debug_macro   0x00002f05       0xac ./main.o
 .debug_macro   0x00002fb1       0x1c ./main.o
 .debug_macro   0x00002fcd       0x10 ./main.o
 .debug_macro   0x00002fdd       0x10 ./main.o
 .debug_macro   0x00002fed       0x22 ./main.o
 .debug_macro   0x0000300f       0xbe ./main.o
 .debug_macro   0x000030cd       0x16 ./main.o
 .debug_macro   0x000030e3      0x197 ./main.o
 .debug_macro   0x0000327a      0x100 ./main.o
 .debug_macro   0x0000337a       0x16 ./main.o
 .debug_macro   0x00003390       0x8e ./main.o
 .debug_macro   0x0000341e      0x1da ./main.o
 .debug_macro   0x000035f8       0x16 ./main.o
 .debug_macro   0x0000360e       0x10 ./main.o
 .debug_macro   0x0000361e       0x10 ./main.o
 .debug_macro   0x0000362e       0x10 ./main.o
 .debug_macro   0x0000363e       0x35 ./main.o
 .debug_macro   0x00003673       0x3a ./main.o
 .debug_macro   0x000036ad      0x1cd ./main.o
 .debug_macro   0x0000387a      0x128 ./main.o
 .debug_macro   0x000039a2       0x10 ./main.o
 .debug_macro   0x000039b2       0x7c ./main.o
 .debug_macro   0x00003a2e       0x52 ./main.o
 .debug_macro   0x00003a80       0x10 ./main.o
 .debug_macro   0x00003a90       0x5e ./main.o
 .debug_macro   0x00003aee       0x2e ./main.o
 .debug_macro   0x00003b1c       0x28 ./main.o

.debug_line     0x00000000      0xbf4
 .debug_line    0x00000000      0xaa6 ./main.o
 .debug_line    0x00000aa6      0x101 c:/nxp/lpcxpresso_8.0.0_526/lpcxpresso/tools/bin/../lib/gcc/arm-none-eabi/4.9.3/../../../../arm-none-eabi/lib/armv7-m\libcr_newlib_nohost.a(_cr_sbrk.o)
 .debug_line    0x00000ba7       0x4d c:/nxp/lpcxpresso_8.0.0_526/lpcxpresso/tools/bin/../lib/gcc/arm-none-eabi/4.9.3/../../../../arm-none-eabi/lib/armv7-m\libcr_newlib_nohost.a(_cr_check_heap.o)

.debug_str      0x00000000    0x104f8
 .debug_str     0x00000000    0x1035b ./main.o
                              0x10768 (size before relaxing)
 .debug_str     0x0001035b      0x178 c:/nxp/lpcxpresso_8.0.0_526/lpcxpresso/tools/bin/../lib/gcc/arm-none-eabi/4.9.3/../../../../arm-none-eabi/lib/armv7-m\libcr_newlib_nohost.a(_cr_sbrk.o)
                                0x211 (size before relaxing)
 .debug_str     0x000104d3       0x25 c:/nxp/lpcxpresso_8.0.0_526/lpcxpresso/tools/bin/../lib/gcc/arm-none-eabi/4.9.3/../../../../arm-none-eabi/lib/armv7-m\libcr_newlib_nohost.a(_cr_check_heap.o)
                                0x15f (size before relaxing)

.comment        0x00000000      0x150
 .comment       0x00000000       0x70 ./main.o
                                 0x71 (size before relaxing)
 .comment       0x00000070       0x70 D:/_Embedded/_mbed/mbed_timer/mbed/TARGET_LPC1768/TOOLCHAIN_GCC_CR/board.o
                                 0x71 (size before relaxing)
 .comment       0x00000000       0x71 D:/_Embedded/_mbed/mbed_timer/mbed/TARGET_LPC1768/TOOLCHAIN_GCC_CR/cmsis_nvic.o
 .comment       0x00000000       0x71 D:/_Embedded/_mbed/mbed_timer/mbed/TARGET_LPC1768/TOOLCHAIN_GCC_CR/retarget.o
 .comment       0x00000000       0x71 D:/_Embedded/_mbed/mbed_timer/mbed/TARGET_LPC1768/TOOLCHAIN_GCC_CR/startup_LPC17xx.o
 .comment       0x00000000       0x71 D:/_Embedded/_mbed/mbed_timer/mbed/TARGET_LPC1768/TOOLCHAIN_GCC_CR/system_LPC17xx.o
 .comment       0x00000000       0x71 D:\_Embedded\_mbed\mbed_timer\mbed\TARGET_LPC1768\TOOLCHAIN_GCC_CR\libmbed.a(serial_api.o)
 .comment       0x00000000       0x71 D:\_Embedded\_mbed\mbed_timer\mbed\TARGET_LPC1768\TOOLCHAIN_GCC_CR\libmbed.a(FilePath.o)
 .comment       0x00000000       0x71 D:\_Embedded\_mbed\mbed_timer\mbed\TARGET_LPC1768\TOOLCHAIN_GCC_CR\libmbed.a(Serial.o)
 .comment       0x00000000       0x71 D:\_Embedded\_mbed\mbed_timer\mbed\TARGET_LPC1768\TOOLCHAIN_GCC_CR\libmbed.a(SerialBase.o)
 .comment       0x00000000       0x71 D:\_Embedded\_mbed\mbed_timer\mbed\TARGET_LPC1768\TOOLCHAIN_GCC_CR\libmbed.a(Stream.o)
 .comment       0x00000000       0x71 D:\_Embedded\_mbed\mbed_timer\mbed\TARGET_LPC1768\TOOLCHAIN_GCC_CR\libmbed.a(assert.o)
 .comment       0x00000000       0x71 D:\_Embedded\_mbed\mbed_timer\mbed\TARGET_LPC1768\TOOLCHAIN_GCC_CR\libmbed.a(Timer.o)
 .comment       0x00000000       0x71 D:\_Embedded\_mbed\mbed_timer\mbed\TARGET_LPC1768\TOOLCHAIN_GCC_CR\libmbed.a(error.o)
 .comment       0x00000000       0x71 D:\_Embedded\_mbed\mbed_timer\mbed\TARGET_LPC1768\TOOLCHAIN_GCC_CR\libmbed.a(gpio.o)
 .comment       0x00000000       0x71 D:\_Embedded\_mbed\mbed_timer\mbed\TARGET_LPC1768\TOOLCHAIN_GCC_CR\libmbed.a(mbed_interface.o)
 .comment       0x00000000       0x71 D:\_Embedded\_mbed\mbed_timer\mbed\TARGET_LPC1768\TOOLCHAIN_GCC_CR\libmbed.a(pinmap_common.o)
 .comment       0x00000000       0x71 D:\_Embedded\_mbed\mbed_timer\mbed\TARGET_LPC1768\TOOLCHAIN_GCC_CR\libmbed.a(semihost_api.o)
 .comment       0x00000000       0x71 D:\_Embedded\_mbed\mbed_timer\mbed\TARGET_LPC1768\TOOLCHAIN_GCC_CR\libmbed.a(ticker_api.o)
 .comment       0x00000000       0x71 D:\_Embedded\_mbed\mbed_timer\mbed\TARGET_LPC1768\TOOLCHAIN_GCC_CR\libmbed.a(us_ticker_api.o)
 .comment       0x00000000       0x71 D:\_Embedded\_mbed\mbed_timer\mbed\TARGET_LPC1768\TOOLCHAIN_GCC_CR\libmbed.a(wait_api.o)
 .comment       0x00000000       0x71 D:\_Embedded\_mbed\mbed_timer\mbed\TARGET_LPC1768\TOOLCHAIN_GCC_CR\libmbed.a(gpio_api.o)
 .comment       0x00000000       0x71 D:\_Embedded\_mbed\mbed_timer\mbed\TARGET_LPC1768\TOOLCHAIN_GCC_CR\libmbed.a(pinmap.o)
 .comment       0x00000000       0x71 D:\_Embedded\_mbed\mbed_timer\mbed\TARGET_LPC1768\TOOLCHAIN_GCC_CR\libmbed.a(us_ticker.o)
 .comment       0x00000000       0x71 D:\_Embedded\_mbed\mbed_timer\mbed\TARGET_LPC1768\TOOLCHAIN_GCC_CR\libmbed.a(FileBase.o)
 .comment       0x00000000       0x71 D:\_Embedded\_mbed\mbed_timer\mbed\TARGET_LPC1768\TOOLCHAIN_GCC_CR\libmbed.a(FileLike.o)
 .comment       0x000000e0       0x70 c:/nxp/lpcxpresso_8.0.0_526/lpcxpresso/tools/bin/../lib/gcc/arm-none-eabi/4.9.3/../../../../arm-none-eabi/lib/armv7-m\libcr_newlib_nohost.a(_cr_sbrk.o)
                                 0x71 (size before relaxing)
 .comment       0x00000000       0x71 c:/nxp/lpcxpresso_8.0.0_526/lpcxpresso/tools/bin/../lib/gcc/arm-none-eabi/4.9.3/../../../../arm-none-eabi/lib/armv7-m\libcr_newlib_nohost.a(_cr_check_heap.o)

.ARM.attributes
                0x00000000       0x31
 .ARM.attributes
                0x00000000       0x33 ./main.o
 .ARM.attributes
                0x00000033       0x33 D:/_Embedded/_mbed/mbed_timer/mbed/TARGET_LPC1768/TOOLCHAIN_GCC_CR/board.o
 .ARM.attributes
                0x00000066       0x33 D:/_Embedded/_mbed/mbed_timer/mbed/TARGET_LPC1768/TOOLCHAIN_GCC_CR/cmsis_nvic.o
 .ARM.attributes
                0x00000099       0x33 D:/_Embedded/_mbed/mbed_timer/mbed/TARGET_LPC1768/TOOLCHAIN_GCC_CR/retarget.o
 .ARM.attributes
                0x000000cc       0x33 D:/_Embedded/_mbed/mbed_timer/mbed/TARGET_LPC1768/TOOLCHAIN_GCC_CR/startup_LPC17xx.o
 .ARM.attributes
                0x000000ff       0x33 D:/_Embedded/_mbed/mbed_timer/mbed/TARGET_LPC1768/TOOLCHAIN_GCC_CR/system_LPC17xx.o
 .ARM.attributes
                0x00000132       0x33 D:\_Embedded\_mbed\mbed_timer\mbed\TARGET_LPC1768\TOOLCHAIN_GCC_CR\libmbed.a(serial_api.o)
 .ARM.attributes